Restore Archived Project report for project_template
Sun Jun 14 21:34:29 2026
Quartus Prime Version 25.1std.0 Build 1129 10/21/2025 Patches 0.02std SC Lite Edition


---------------------
; Table of Contents ;
---------------------
  1. Legal Notice
  2. Restore Archived Project Summary
  3. Restore Archived Project Messages
  4. Files Restored
  5. Files Not Restored



----------------
; Legal Notice ;
----------------
Copyright (C) 2025  Altera Corporation. All rights reserved.
Your use of Altera Corporation's design tools, logic functions 
and other software and tools, and any partner logic 
functions, and any output files from any of the foregoing 
(including device programming or simulation files), and any 
associated documentation or information are expressly subject 
to the terms and conditions of the Altera Program License 
Subscription Agreement, the Altera Quartus Prime License Agreement,
the Altera IP License Agreement, or other applicable license
agreement, including, without limitation, that your use is for
the sole purpose of programming logic devices manufactured by
Altera and sold by Altera or its authorized distributors.  Please
refer to the Altera Software License Subscription Agreements 
on the Quartus Prime software download page.



+-------------------------------------------------------------------------+
; Restore Archived Project Summary                                        ;
+---------------------------------+---------------------------------------+
; Restore Archived Project Status ; Successful - Sun Jun 14 21:34:29 2026 ;
; Revision Name                   ; project_template                      ;
; Top-level Entity Name           ; top                                   ;
; Family                          ; MAX 10                                ;
+---------------------------------+---------------------------------------+


+-----------------------------------+
; Restore Archived Project Messages ;
+-----------------------------------+
Info: Successfully restored 'D:/Files/max1k/max1k-sdram-ex/max1k-sdram-ex_tmp_archive.qar' into the 'D:/Files/max1k/max1k-cpu' directory
Info: Generated report 'project_template.restore.rpt'


+------------------------------------------+
; Files Restored                           ;
+------------------------------------------+
; File Name                                ;
+------------------------------------------+
; qar_info.json                            ;
; constr/top.sdc                           ;
; max1k-sdram-ex.qpf                       ;
; pll1.cmp                                 ;
; pll1.ppf                                 ;
; pll1.qip                                 ;
; pll1.vhd                                 ;
; project_template.qsf                     ;
; project_template_assignment_defaults.qdf ;
; src/sdram_ctl.vhd                        ;
; src/top.vhd                              ;
; src/uart_rx.vhd                          ;
; src/uart_tx.vhd                          ;
+------------------------------------------+


+--------------------+
; Files Not Restored ;
+--------------------+
; File Name          ;
+--------------------+


