Archive member included to satisfy reference by file (symbol)

/home/fatih/opt/riscv/lib/gcc/riscv32-unknown-elf/16.1.0/../../../../riscv32-unknown-elf/lib/libc.a(libc_a-reent.o)
                              platform.o (errno)
/home/fatih/opt/riscv/lib/gcc/riscv32-unknown-elf/16.1.0/../../../../riscv32-unknown-elf/lib/libc.a(libc_a-impure.o)
                              /home/fatih/opt/riscv/lib/gcc/riscv32-unknown-elf/16.1.0/../../../../riscv32-unknown-elf/lib/libc.a(libc_a-reent.o) (_impure_ptr)
/home/fatih/opt/riscv/lib/gcc/riscv32-unknown-elf/16.1.0/../../../../riscv32-unknown-elf/lib/libc.a(libc_a-freer.o)
                              /home/fatih/opt/riscv/lib/gcc/riscv32-unknown-elf/16.1.0/../../../../riscv32-unknown-elf/lib/libc.a(libc_a-reent.o) (_free_r)
/home/fatih/opt/riscv/lib/gcc/riscv32-unknown-elf/16.1.0/../../../../riscv32-unknown-elf/lib/libc.a(libc_a-mallocr.o)
                              /home/fatih/opt/riscv/lib/gcc/riscv32-unknown-elf/16.1.0/../../../../riscv32-unknown-elf/lib/libc.a(libc_a-freer.o) (__malloc_av_)
/home/fatih/opt/riscv/lib/gcc/riscv32-unknown-elf/16.1.0/../../../../riscv32-unknown-elf/lib/libc.a(libc_a-mlock.o)
                              /home/fatih/opt/riscv/lib/gcc/riscv32-unknown-elf/16.1.0/../../../../riscv32-unknown-elf/lib/libc.a(libc_a-freer.o) (__malloc_lock)
/home/fatih/opt/riscv/lib/gcc/riscv32-unknown-elf/16.1.0/../../../../riscv32-unknown-elf/lib/libc.a(libc_a-findfp.o)
                              /home/fatih/opt/riscv/lib/gcc/riscv32-unknown-elf/16.1.0/../../../../riscv32-unknown-elf/lib/libc.a(libc_a-impure.o) (__sf)
/home/fatih/opt/riscv/lib/gcc/riscv32-unknown-elf/16.1.0/../../../../riscv32-unknown-elf/lib/libc.a(libc_a-fwalk.o)
                              /home/fatih/opt/riscv/lib/gcc/riscv32-unknown-elf/16.1.0/../../../../riscv32-unknown-elf/lib/libc.a(libc_a-findfp.o) (_fwalk_sglue)
/home/fatih/opt/riscv/lib/gcc/riscv32-unknown-elf/16.1.0/../../../../riscv32-unknown-elf/lib/libc.a(libc_a-stdio.o)
                              /home/fatih/opt/riscv/lib/gcc/riscv32-unknown-elf/16.1.0/../../../../riscv32-unknown-elf/lib/libc.a(libc_a-findfp.o) (__sread)
/home/fatih/opt/riscv/lib/gcc/riscv32-unknown-elf/16.1.0/../../../../riscv32-unknown-elf/lib/libc.a(libc_a-closer.o)
                              /home/fatih/opt/riscv/lib/gcc/riscv32-unknown-elf/16.1.0/../../../../riscv32-unknown-elf/lib/libc.a(libc_a-stdio.o) (_close_r)
/home/fatih/opt/riscv/lib/gcc/riscv32-unknown-elf/16.1.0/../../../../riscv32-unknown-elf/lib/libc.a(libc_a-lseekr.o)
                              /home/fatih/opt/riscv/lib/gcc/riscv32-unknown-elf/16.1.0/../../../../riscv32-unknown-elf/lib/libc.a(libc_a-stdio.o) (_lseek_r)
/home/fatih/opt/riscv/lib/gcc/riscv32-unknown-elf/16.1.0/../../../../riscv32-unknown-elf/lib/libc.a(libc_a-readr.o)
                              /home/fatih/opt/riscv/lib/gcc/riscv32-unknown-elf/16.1.0/../../../../riscv32-unknown-elf/lib/libc.a(libc_a-stdio.o) (_read_r)
/home/fatih/opt/riscv/lib/gcc/riscv32-unknown-elf/16.1.0/../../../../riscv32-unknown-elf/lib/libc.a(libc_a-sbrkr.o)
                              /home/fatih/opt/riscv/lib/gcc/riscv32-unknown-elf/16.1.0/../../../../riscv32-unknown-elf/lib/libc.a(libc_a-freer.o) (_sbrk_r)
/home/fatih/opt/riscv/lib/gcc/riscv32-unknown-elf/16.1.0/../../../../riscv32-unknown-elf/lib/libc.a(libc_a-writer.o)
                              /home/fatih/opt/riscv/lib/gcc/riscv32-unknown-elf/16.1.0/../../../../riscv32-unknown-elf/lib/libc.a(libc_a-stdio.o) (_write_r)
/home/fatih/opt/riscv/lib/gcc/riscv32-unknown-elf/16.1.0/../../../../riscv32-unknown-elf/lib/libc.a(libc_a-memset.o)
                              /home/fatih/opt/riscv/lib/gcc/riscv32-unknown-elf/16.1.0/../../../../riscv32-unknown-elf/lib/libc.a(libc_a-findfp.o) (memset)
/home/fatih/opt/riscv/lib/gcc/riscv32-unknown-elf/16.1.0/../../../../riscv32-unknown-elf/lib/libc.a(libc_a-fclose.o)
                              /home/fatih/opt/riscv/lib/gcc/riscv32-unknown-elf/16.1.0/../../../../riscv32-unknown-elf/lib/libc.a(libc_a-findfp.o) (_fclose_r)
/home/fatih/opt/riscv/lib/gcc/riscv32-unknown-elf/16.1.0/../../../../riscv32-unknown-elf/lib/libc.a(libc_a-fflush.o)
                              /home/fatih/opt/riscv/lib/gcc/riscv32-unknown-elf/16.1.0/../../../../riscv32-unknown-elf/lib/libc.a(libc_a-fclose.o) (__sflush_r)
/home/fatih/opt/riscv/lib/gcc/riscv32-unknown-elf/16.1.0/libgcc.a(_udivdi3.o)
                              printf/printf.o (__udivdi3)
/home/fatih/opt/riscv/lib/gcc/riscv32-unknown-elf/16.1.0/libgcc.a(_umoddi3.o)
                              printf/printf.o (__umoddi3)
/home/fatih/opt/riscv/lib/gcc/riscv32-unknown-elf/16.1.0/libgcc.a(muldi3.o)
                              /home/fatih/opt/riscv/lib/gcc/riscv32-unknown-elf/16.1.0/libgcc.a(_udivdi3.o) (__mulsi3)
/home/fatih/opt/riscv/lib/gcc/riscv32-unknown-elf/16.1.0/libgcc.a(div.o)
                              platform.o (__divsi3)
/home/fatih/opt/riscv/lib/gcc/riscv32-unknown-elf/16.1.0/libgcc.a(_clz.o)
                              /home/fatih/opt/riscv/lib/gcc/riscv32-unknown-elf/16.1.0/libgcc.a(_udivdi3.o) (__clz_tab)

Merging object attributes


Discarded input sections

 .text          0x00000000        0x0 main.o
 .data          0x00000000        0x0 main.o
 .bss           0x00000000        0x0 main.o
 .text          0x00000000        0x0 printf/printf.o
 .data          0x00000000        0x0 printf/printf.o
 .bss           0x00000000        0x0 printf/printf.o
 .text.vsnprintf_
                0x00000000       0x5c printf/printf.o
 .text.vsprintf_
                0x00000000       0x18 printf/printf.o
 .text.vfctprintf
                0x00000000       0x50 printf/printf.o
 .text.sprintf_
                0x00000000       0x3c printf/printf.o
 .text.snprintf_
                0x00000000       0x38 printf/printf.o
 .text.fctprintf
                0x00000000       0x38 printf/printf.o
 .text          0x00000000        0x0 platform.o
 .data          0x00000000        0x0 platform.o
 .bss           0x00000000        0x0 platform.o
 .text.HAL_uart_putc
                0x00000000       0x14 platform.o
 .text.HAL_uart_getc
                0x00000000       0x1c platform.o
 .text._close   0x00000000        0x8 platform.o
 .text._execve  0x00000000       0x14 platform.o
 .text._fork    0x00000000       0x14 platform.o
 .text._fstat   0x00000000       0x10 platform.o
 .text._getpid  0x00000000        0x8 platform.o
 .text._isatty  0x00000000        0x8 platform.o
 .text._kill    0x00000000       0x14 platform.o
 .text._link    0x00000000       0x14 platform.o
 .text._lseek   0x00000000        0x8 platform.o
 .text._open    0x00000000        0x8 platform.o
 .text._read    0x00000000        0x8 platform.o
 .text._sbrk    0x00000000       0x24 platform.o
 .text._stat    0x00000000       0x10 platform.o
 .text._times   0x00000000        0x8 platform.o
 .text._unlink  0x00000000       0x14 platform.o
 .text._wait    0x00000000       0x14 platform.o
 .text._write   0x00000000       0x50 platform.o
 .sbss.heap_end.0
                0x00000000        0x4 platform.o
 .text          0x00000000        0x0 startup.o
 .data          0x00000000        0x0 startup.o
 .bss           0x00000000        0x0 startup.o
 .eh_frame      0x00000000       0x28 startup.o
 .riscv.attributes
                0x00000000       0x1a startup.o
 .text          0x00000000        0x0 /home/fatih/opt/riscv/lib/gcc/riscv32-unknown-elf/16.1.0/../../../../riscv32-unknown-elf/lib/libc.a(libc_a-reent.o)
 .data          0x00000000        0x0 /home/fatih/opt/riscv/lib/gcc/riscv32-unknown-elf/16.1.0/../../../../riscv32-unknown-elf/lib/libc.a(libc_a-reent.o)
 .bss           0x00000000        0x0 /home/fatih/opt/riscv/lib/gcc/riscv32-unknown-elf/16.1.0/../../../../riscv32-unknown-elf/lib/libc.a(libc_a-reent.o)
 .text._reclaim_reent
                0x00000000       0xfc /home/fatih/opt/riscv/lib/gcc/riscv32-unknown-elf/16.1.0/../../../../riscv32-unknown-elf/lib/libc.a(libc_a-reent.o)
 .sbss.errno    0x00000000        0x4 /home/fatih/opt/riscv/lib/gcc/riscv32-unknown-elf/16.1.0/../../../../riscv32-unknown-elf/lib/libc.a(libc_a-reent.o)
 .comment       0x00000000       0x13 /home/fatih/opt/riscv/lib/gcc/riscv32-unknown-elf/16.1.0/../../../../riscv32-unknown-elf/lib/libc.a(libc_a-reent.o)
 .note.GNU-stack
                0x00000000        0x0 /home/fatih/opt/riscv/lib/gcc/riscv32-unknown-elf/16.1.0/../../../../riscv32-unknown-elf/lib/libc.a(libc_a-reent.o)
 .riscv.attributes
                0x00000000       0x1c /home/fatih/opt/riscv/lib/gcc/riscv32-unknown-elf/16.1.0/../../../../riscv32-unknown-elf/lib/libc.a(libc_a-reent.o)
 .text          0x00000000        0x0 /home/fatih/opt/riscv/lib/gcc/riscv32-unknown-elf/16.1.0/../../../../riscv32-unknown-elf/lib/libc.a(libc_a-impure.o)
 .data          0x00000000        0x0 /home/fatih/opt/riscv/lib/gcc/riscv32-unknown-elf/16.1.0/../../../../riscv32-unknown-elf/lib/libc.a(libc_a-impure.o)
 .bss           0x00000000        0x0 /home/fatih/opt/riscv/lib/gcc/riscv32-unknown-elf/16.1.0/../../../../riscv32-unknown-elf/lib/libc.a(libc_a-impure.o)
 .sdata._impure_ptr
                0x00000000        0x4 /home/fatih/opt/riscv/lib/gcc/riscv32-unknown-elf/16.1.0/../../../../riscv32-unknown-elf/lib/libc.a(libc_a-impure.o)
 .data._impure_data
                0x00000000      0x120 /home/fatih/opt/riscv/lib/gcc/riscv32-unknown-elf/16.1.0/../../../../riscv32-unknown-elf/lib/libc.a(libc_a-impure.o)
 .comment       0x00000000       0x13 /home/fatih/opt/riscv/lib/gcc/riscv32-unknown-elf/16.1.0/../../../../riscv32-unknown-elf/lib/libc.a(libc_a-impure.o)
 .note.GNU-stack
                0x00000000        0x0 /home/fatih/opt/riscv/lib/gcc/riscv32-unknown-elf/16.1.0/../../../../riscv32-unknown-elf/lib/libc.a(libc_a-impure.o)
 .riscv.attributes
                0x00000000       0x1c /home/fatih/opt/riscv/lib/gcc/riscv32-unknown-elf/16.1.0/../../../../riscv32-unknown-elf/lib/libc.a(libc_a-impure.o)
 .text          0x00000000        0x0 /home/fatih/opt/riscv/lib/gcc/riscv32-unknown-elf/16.1.0/../../../../riscv32-unknown-elf/lib/libc.a(libc_a-freer.o)
 .data          0x00000000        0x0 /home/fatih/opt/riscv/lib/gcc/riscv32-unknown-elf/16.1.0/../../../../riscv32-unknown-elf/lib/libc.a(libc_a-freer.o)
 .bss           0x00000000        0x0 /home/fatih/opt/riscv/lib/gcc/riscv32-unknown-elf/16.1.0/../../../../riscv32-unknown-elf/lib/libc.a(libc_a-freer.o)
 .text._malloc_trim_r
                0x00000000      0x148 /home/fatih/opt/riscv/lib/gcc/riscv32-unknown-elf/16.1.0/../../../../riscv32-unknown-elf/lib/libc.a(libc_a-freer.o)
 .text._free_r  0x00000000      0x2fc /home/fatih/opt/riscv/lib/gcc/riscv32-unknown-elf/16.1.0/../../../../riscv32-unknown-elf/lib/libc.a(libc_a-freer.o)
 .comment       0x00000000       0x13 /home/fatih/opt/riscv/lib/gcc/riscv32-unknown-elf/16.1.0/../../../../riscv32-unknown-elf/lib/libc.a(libc_a-freer.o)
 .note.GNU-stack
                0x00000000        0x0 /home/fatih/opt/riscv/lib/gcc/riscv32-unknown-elf/16.1.0/../../../../riscv32-unknown-elf/lib/libc.a(libc_a-freer.o)
 .riscv.attributes
                0x00000000       0x1c /home/fatih/opt/riscv/lib/gcc/riscv32-unknown-elf/16.1.0/../../../../riscv32-unknown-elf/lib/libc.a(libc_a-freer.o)
 .text          0x00000000        0x0 /home/fatih/opt/riscv/lib/gcc/riscv32-unknown-elf/16.1.0/../../../../riscv32-unknown-elf/lib/libc.a(libc_a-mallocr.o)
 .data          0x00000000        0x0 /home/fatih/opt/riscv/lib/gcc/riscv32-unknown-elf/16.1.0/../../../../riscv32-unknown-elf/lib/libc.a(libc_a-mallocr.o)
 .bss           0x00000000        0x0 /home/fatih/opt/riscv/lib/gcc/riscv32-unknown-elf/16.1.0/../../../../riscv32-unknown-elf/lib/libc.a(libc_a-mallocr.o)
 .text._malloc_r
                0x00000000      0x8d0 /home/fatih/opt/riscv/lib/gcc/riscv32-unknown-elf/16.1.0/../../../../riscv32-unknown-elf/lib/libc.a(libc_a-mallocr.o)
 .bss.__malloc_current_mallinfo
                0x00000000       0x28 /home/fatih/opt/riscv/lib/gcc/riscv32-unknown-elf/16.1.0/../../../../riscv32-unknown-elf/lib/libc.a(libc_a-mallocr.o)
 .sbss.__malloc_max_total_mem
                0x00000000        0x4 /home/fatih/opt/riscv/lib/gcc/riscv32-unknown-elf/16.1.0/../../../../riscv32-unknown-elf/lib/libc.a(libc_a-mallocr.o)
 .sbss.__malloc_max_sbrked_mem
                0x00000000        0x4 /home/fatih/opt/riscv/lib/gcc/riscv32-unknown-elf/16.1.0/../../../../riscv32-unknown-elf/lib/libc.a(libc_a-mallocr.o)
 .sdata.__malloc_sbrk_base
                0x00000000        0x4 /home/fatih/opt/riscv/lib/gcc/riscv32-unknown-elf/16.1.0/../../../../riscv32-unknown-elf/lib/libc.a(libc_a-mallocr.o)
 .sbss.__malloc_top_pad
                0x00000000        0x4 /home/fatih/opt/riscv/lib/gcc/riscv32-unknown-elf/16.1.0/../../../../riscv32-unknown-elf/lib/libc.a(libc_a-mallocr.o)
 .sdata.__malloc_trim_threshold
                0x00000000        0x4 /home/fatih/opt/riscv/lib/gcc/riscv32-unknown-elf/16.1.0/../../../../riscv32-unknown-elf/lib/libc.a(libc_a-mallocr.o)
 .data.__malloc_av_
                0x00000000      0x408 /home/fatih/opt/riscv/lib/gcc/riscv32-unknown-elf/16.1.0/../../../../riscv32-unknown-elf/lib/libc.a(libc_a-mallocr.o)
 .comment       0x00000000       0x13 /home/fatih/opt/riscv/lib/gcc/riscv32-unknown-elf/16.1.0/../../../../riscv32-unknown-elf/lib/libc.a(libc_a-mallocr.o)
 .note.GNU-stack
                0x00000000        0x0 /home/fatih/opt/riscv/lib/gcc/riscv32-unknown-elf/16.1.0/../../../../riscv32-unknown-elf/lib/libc.a(libc_a-mallocr.o)
 .riscv.attributes
                0x00000000       0x1c /home/fatih/opt/riscv/lib/gcc/riscv32-unknown-elf/16.1.0/../../../../riscv32-unknown-elf/lib/libc.a(libc_a-mallocr.o)
 .text          0x00000000        0x0 /home/fatih/opt/riscv/lib/gcc/riscv32-unknown-elf/16.1.0/../../../../riscv32-unknown-elf/lib/libc.a(libc_a-mlock.o)
 .data          0x00000000        0x0 /home/fatih/opt/riscv/lib/gcc/riscv32-unknown-elf/16.1.0/../../../../riscv32-unknown-elf/lib/libc.a(libc_a-mlock.o)
 .bss           0x00000000        0x0 /home/fatih/opt/riscv/lib/gcc/riscv32-unknown-elf/16.1.0/../../../../riscv32-unknown-elf/lib/libc.a(libc_a-mlock.o)
 .text.__malloc_lock
                0x00000000        0x4 /home/fatih/opt/riscv/lib/gcc/riscv32-unknown-elf/16.1.0/../../../../riscv32-unknown-elf/lib/libc.a(libc_a-mlock.o)
 .text.__malloc_unlock
                0x00000000        0x4 /home/fatih/opt/riscv/lib/gcc/riscv32-unknown-elf/16.1.0/../../../../riscv32-unknown-elf/lib/libc.a(libc_a-mlock.o)
 .comment       0x00000000       0x13 /home/fatih/opt/riscv/lib/gcc/riscv32-unknown-elf/16.1.0/../../../../riscv32-unknown-elf/lib/libc.a(libc_a-mlock.o)
 .note.GNU-stack
                0x00000000        0x0 /home/fatih/opt/riscv/lib/gcc/riscv32-unknown-elf/16.1.0/../../../../riscv32-unknown-elf/lib/libc.a(libc_a-mlock.o)
 .riscv.attributes
                0x00000000       0x1c /home/fatih/opt/riscv/lib/gcc/riscv32-unknown-elf/16.1.0/../../../../riscv32-unknown-elf/lib/libc.a(libc_a-mlock.o)
 .text          0x00000000        0x0 /home/fatih/opt/riscv/lib/gcc/riscv32-unknown-elf/16.1.0/../../../../riscv32-unknown-elf/lib/libc.a(libc_a-findfp.o)
 .data          0x00000000        0x0 /home/fatih/opt/riscv/lib/gcc/riscv32-unknown-elf/16.1.0/../../../../riscv32-unknown-elf/lib/libc.a(libc_a-findfp.o)
 .bss           0x00000000        0x0 /home/fatih/opt/riscv/lib/gcc/riscv32-unknown-elf/16.1.0/../../../../riscv32-unknown-elf/lib/libc.a(libc_a-findfp.o)
 .text.__fp_lock
                0x00000000        0x8 /home/fatih/opt/riscv/lib/gcc/riscv32-unknown-elf/16.1.0/../../../../riscv32-unknown-elf/lib/libc.a(libc_a-findfp.o)
 .text.stdio_exit_handler
                0x00000000       0x20 /home/fatih/opt/riscv/lib/gcc/riscv32-unknown-elf/16.1.0/../../../../riscv32-unknown-elf/lib/libc.a(libc_a-findfp.o)
 .text.cleanup_stdio
                0x00000000       0x7c /home/fatih/opt/riscv/lib/gcc/riscv32-unknown-elf/16.1.0/../../../../riscv32-unknown-elf/lib/libc.a(libc_a-findfp.o)
 .text.__fp_unlock
                0x00000000        0x8 /home/fatih/opt/riscv/lib/gcc/riscv32-unknown-elf/16.1.0/../../../../riscv32-unknown-elf/lib/libc.a(libc_a-findfp.o)
 .text.global_stdio_init.part.0
                0x00000000      0x17c /home/fatih/opt/riscv/lib/gcc/riscv32-unknown-elf/16.1.0/../../../../riscv32-unknown-elf/lib/libc.a(libc_a-findfp.o)
 .text.__sfp    0x00000000      0x140 /home/fatih/opt/riscv/lib/gcc/riscv32-unknown-elf/16.1.0/../../../../riscv32-unknown-elf/lib/libc.a(libc_a-findfp.o)
 .text.__sinit  0x00000000       0x2c /home/fatih/opt/riscv/lib/gcc/riscv32-unknown-elf/16.1.0/../../../../riscv32-unknown-elf/lib/libc.a(libc_a-findfp.o)
 .text.__sfp_lock_acquire
                0x00000000        0x4 /home/fatih/opt/riscv/lib/gcc/riscv32-unknown-elf/16.1.0/../../../../riscv32-unknown-elf/lib/libc.a(libc_a-findfp.o)
 .text.__sfp_lock_release
                0x00000000        0x4 /home/fatih/opt/riscv/lib/gcc/riscv32-unknown-elf/16.1.0/../../../../riscv32-unknown-elf/lib/libc.a(libc_a-findfp.o)
 .text.__fp_lock_all
                0x00000000       0x1c /home/fatih/opt/riscv/lib/gcc/riscv32-unknown-elf/16.1.0/../../../../riscv32-unknown-elf/lib/libc.a(libc_a-findfp.o)
 .text.__fp_unlock_all
                0x00000000       0x1c /home/fatih/opt/riscv/lib/gcc/riscv32-unknown-elf/16.1.0/../../../../riscv32-unknown-elf/lib/libc.a(libc_a-findfp.o)
 .data.__sglue  0x00000000        0xc /home/fatih/opt/riscv/lib/gcc/riscv32-unknown-elf/16.1.0/../../../../riscv32-unknown-elf/lib/libc.a(libc_a-findfp.o)
 .bss.__sf      0x00000000      0x138 /home/fatih/opt/riscv/lib/gcc/riscv32-unknown-elf/16.1.0/../../../../riscv32-unknown-elf/lib/libc.a(libc_a-findfp.o)
 .sbss.__stdio_exit_handler
                0x00000000        0x4 /home/fatih/opt/riscv/lib/gcc/riscv32-unknown-elf/16.1.0/../../../../riscv32-unknown-elf/lib/libc.a(libc_a-findfp.o)
 .comment       0x00000000       0x13 /home/fatih/opt/riscv/lib/gcc/riscv32-unknown-elf/16.1.0/../../../../riscv32-unknown-elf/lib/libc.a(libc_a-findfp.o)
 .note.GNU-stack
                0x00000000        0x0 /home/fatih/opt/riscv/lib/gcc/riscv32-unknown-elf/16.1.0/../../../../riscv32-unknown-elf/lib/libc.a(libc_a-findfp.o)
 .riscv.attributes
                0x00000000       0x1c /home/fatih/opt/riscv/lib/gcc/riscv32-unknown-elf/16.1.0/../../../../riscv32-unknown-elf/lib/libc.a(libc_a-findfp.o)
 .text          0x00000000        0x0 /home/fatih/opt/riscv/lib/gcc/riscv32-unknown-elf/16.1.0/../../../../riscv32-unknown-elf/lib/libc.a(libc_a-fwalk.o)
 .data          0x00000000        0x0 /home/fatih/opt/riscv/lib/gcc/riscv32-unknown-elf/16.1.0/../../../../riscv32-unknown-elf/lib/libc.a(libc_a-fwalk.o)
 .bss           0x00000000        0x0 /home/fatih/opt/riscv/lib/gcc/riscv32-unknown-elf/16.1.0/../../../../riscv32-unknown-elf/lib/libc.a(libc_a-fwalk.o)
 .text._fwalk_sglue
                0x00000000       0xb4 /home/fatih/opt/riscv/lib/gcc/riscv32-unknown-elf/16.1.0/../../../../riscv32-unknown-elf/lib/libc.a(libc_a-fwalk.o)
 .comment       0x00000000       0x13 /home/fatih/opt/riscv/lib/gcc/riscv32-unknown-elf/16.1.0/../../../../riscv32-unknown-elf/lib/libc.a(libc_a-fwalk.o)
 .note.GNU-stack
                0x00000000        0x0 /home/fatih/opt/riscv/lib/gcc/riscv32-unknown-elf/16.1.0/../../../../riscv32-unknown-elf/lib/libc.a(libc_a-fwalk.o)
 .riscv.attributes
                0x00000000       0x1c /home/fatih/opt/riscv/lib/gcc/riscv32-unknown-elf/16.1.0/../../../../riscv32-unknown-elf/lib/libc.a(libc_a-fwalk.o)
 .text          0x00000000        0x0 /home/fatih/opt/riscv/lib/gcc/riscv32-unknown-elf/16.1.0/../../../../riscv32-unknown-elf/lib/libc.a(libc_a-stdio.o)
 .data          0x00000000        0x0 /home/fatih/opt/riscv/lib/gcc/riscv32-unknown-elf/16.1.0/../../../../riscv32-unknown-elf/lib/libc.a(libc_a-stdio.o)
 .bss           0x00000000        0x0 /home/fatih/opt/riscv/lib/gcc/riscv32-unknown-elf/16.1.0/../../../../riscv32-unknown-elf/lib/libc.a(libc_a-stdio.o)
 .text.__sread  0x00000000       0x60 /home/fatih/opt/riscv/lib/gcc/riscv32-unknown-elf/16.1.0/../../../../riscv32-unknown-elf/lib/libc.a(libc_a-stdio.o)
 .text.__seofread
                0x00000000        0x8 /home/fatih/opt/riscv/lib/gcc/riscv32-unknown-elf/16.1.0/../../../../riscv32-unknown-elf/lib/libc.a(libc_a-stdio.o)
 .text.__swrite
                0x00000000       0x90 /home/fatih/opt/riscv/lib/gcc/riscv32-unknown-elf/16.1.0/../../../../riscv32-unknown-elf/lib/libc.a(libc_a-stdio.o)
 .text.__sseek  0x00000000       0x68 /home/fatih/opt/riscv/lib/gcc/riscv32-unknown-elf/16.1.0/../../../../riscv32-unknown-elf/lib/libc.a(libc_a-stdio.o)
 .text.__sclose
                0x00000000        0xc /home/fatih/opt/riscv/lib/gcc/riscv32-unknown-elf/16.1.0/../../../../riscv32-unknown-elf/lib/libc.a(libc_a-stdio.o)
 .comment       0x00000000       0x13 /home/fatih/opt/riscv/lib/gcc/riscv32-unknown-elf/16.1.0/../../../../riscv32-unknown-elf/lib/libc.a(libc_a-stdio.o)
 .note.GNU-stack
                0x00000000        0x0 /home/fatih/opt/riscv/lib/gcc/riscv32-unknown-elf/16.1.0/../../../../riscv32-unknown-elf/lib/libc.a(libc_a-stdio.o)
 .riscv.attributes
                0x00000000       0x1c /home/fatih/opt/riscv/lib/gcc/riscv32-unknown-elf/16.1.0/../../../../riscv32-unknown-elf/lib/libc.a(libc_a-stdio.o)
 .text          0x00000000        0x0 /home/fatih/opt/riscv/lib/gcc/riscv32-unknown-elf/16.1.0/../../../../riscv32-unknown-elf/lib/libc.a(libc_a-closer.o)
 .data          0x00000000        0x0 /home/fatih/opt/riscv/lib/gcc/riscv32-unknown-elf/16.1.0/../../../../riscv32-unknown-elf/lib/libc.a(libc_a-closer.o)
 .bss           0x00000000        0x0 /home/fatih/opt/riscv/lib/gcc/riscv32-unknown-elf/16.1.0/../../../../riscv32-unknown-elf/lib/libc.a(libc_a-closer.o)
 .text._close_r
                0x00000000       0x64 /home/fatih/opt/riscv/lib/gcc/riscv32-unknown-elf/16.1.0/../../../../riscv32-unknown-elf/lib/libc.a(libc_a-closer.o)
 .comment       0x00000000       0x13 /home/fatih/opt/riscv/lib/gcc/riscv32-unknown-elf/16.1.0/../../../../riscv32-unknown-elf/lib/libc.a(libc_a-closer.o)
 .note.GNU-stack
                0x00000000        0x0 /home/fatih/opt/riscv/lib/gcc/riscv32-unknown-elf/16.1.0/../../../../riscv32-unknown-elf/lib/libc.a(libc_a-closer.o)
 .riscv.attributes
                0x00000000       0x1c /home/fatih/opt/riscv/lib/gcc/riscv32-unknown-elf/16.1.0/../../../../riscv32-unknown-elf/lib/libc.a(libc_a-closer.o)
 .text          0x00000000        0x0 /home/fatih/opt/riscv/lib/gcc/riscv32-unknown-elf/16.1.0/../../../../riscv32-unknown-elf/lib/libc.a(libc_a-lseekr.o)
 .data          0x00000000        0x0 /home/fatih/opt/riscv/lib/gcc/riscv32-unknown-elf/16.1.0/../../../../riscv32-unknown-elf/lib/libc.a(libc_a-lseekr.o)
 .bss           0x00000000        0x0 /home/fatih/opt/riscv/lib/gcc/riscv32-unknown-elf/16.1.0/../../../../riscv32-unknown-elf/lib/libc.a(libc_a-lseekr.o)
 .text._lseek_r
                0x00000000       0x70 /home/fatih/opt/riscv/lib/gcc/riscv32-unknown-elf/16.1.0/../../../../riscv32-unknown-elf/lib/libc.a(libc_a-lseekr.o)
 .comment       0x00000000       0x13 /home/fatih/opt/riscv/lib/gcc/riscv32-unknown-elf/16.1.0/../../../../riscv32-unknown-elf/lib/libc.a(libc_a-lseekr.o)
 .note.GNU-stack
                0x00000000        0x0 /home/fatih/opt/riscv/lib/gcc/riscv32-unknown-elf/16.1.0/../../../../riscv32-unknown-elf/lib/libc.a(libc_a-lseekr.o)
 .riscv.attributes
                0x00000000       0x1c /home/fatih/opt/riscv/lib/gcc/riscv32-unknown-elf/16.1.0/../../../../riscv32-unknown-elf/lib/libc.a(libc_a-lseekr.o)
 .text          0x00000000        0x0 /home/fatih/opt/riscv/lib/gcc/riscv32-unknown-elf/16.1.0/../../../../riscv32-unknown-elf/lib/libc.a(libc_a-readr.o)
 .data          0x00000000        0x0 /home/fatih/opt/riscv/lib/gcc/riscv32-unknown-elf/16.1.0/../../../../riscv32-unknown-elf/lib/libc.a(libc_a-readr.o)
 .bss           0x00000000        0x0 /home/fatih/opt/riscv/lib/gcc/riscv32-unknown-elf/16.1.0/../../../../riscv32-unknown-elf/lib/libc.a(libc_a-readr.o)
 .text._read_r  0x00000000       0x70 /home/fatih/opt/riscv/lib/gcc/riscv32-unknown-elf/16.1.0/../../../../riscv32-unknown-elf/lib/libc.a(libc_a-readr.o)
 .comment       0x00000000       0x13 /home/fatih/opt/riscv/lib/gcc/riscv32-unknown-elf/16.1.0/../../../../riscv32-unknown-elf/lib/libc.a(libc_a-readr.o)
 .note.GNU-stack
                0x00000000        0x0 /home/fatih/opt/riscv/lib/gcc/riscv32-unknown-elf/16.1.0/../../../../riscv32-unknown-elf/lib/libc.a(libc_a-readr.o)
 .riscv.attributes
                0x00000000       0x1c /home/fatih/opt/riscv/lib/gcc/riscv32-unknown-elf/16.1.0/../../../../riscv32-unknown-elf/lib/libc.a(libc_a-readr.o)
 .text          0x00000000        0x0 /home/fatih/opt/riscv/lib/gcc/riscv32-unknown-elf/16.1.0/../../../../riscv32-unknown-elf/lib/libc.a(libc_a-sbrkr.o)
 .data          0x00000000        0x0 /home/fatih/opt/riscv/lib/gcc/riscv32-unknown-elf/16.1.0/../../../../riscv32-unknown-elf/lib/libc.a(libc_a-sbrkr.o)
 .bss           0x00000000        0x0 /home/fatih/opt/riscv/lib/gcc/riscv32-unknown-elf/16.1.0/../../../../riscv32-unknown-elf/lib/libc.a(libc_a-sbrkr.o)
 .text._sbrk_r  0x00000000       0x64 /home/fatih/opt/riscv/lib/gcc/riscv32-unknown-elf/16.1.0/../../../../riscv32-unknown-elf/lib/libc.a(libc_a-sbrkr.o)
 .comment       0x00000000       0x13 /home/fatih/opt/riscv/lib/gcc/riscv32-unknown-elf/16.1.0/../../../../riscv32-unknown-elf/lib/libc.a(libc_a-sbrkr.o)
 .note.GNU-stack
                0x00000000        0x0 /home/fatih/opt/riscv/lib/gcc/riscv32-unknown-elf/16.1.0/../../../../riscv32-unknown-elf/lib/libc.a(libc_a-sbrkr.o)
 .riscv.attributes
                0x00000000       0x1c /home/fatih/opt/riscv/lib/gcc/riscv32-unknown-elf/16.1.0/../../../../riscv32-unknown-elf/lib/libc.a(libc_a-sbrkr.o)
 .text          0x00000000        0x0 /home/fatih/opt/riscv/lib/gcc/riscv32-unknown-elf/16.1.0/../../../../riscv32-unknown-elf/lib/libc.a(libc_a-writer.o)
 .data          0x00000000        0x0 /home/fatih/opt/riscv/lib/gcc/riscv32-unknown-elf/16.1.0/../../../../riscv32-unknown-elf/lib/libc.a(libc_a-writer.o)
 .bss           0x00000000        0x0 /home/fatih/opt/riscv/lib/gcc/riscv32-unknown-elf/16.1.0/../../../../riscv32-unknown-elf/lib/libc.a(libc_a-writer.o)
 .text._write_r
                0x00000000       0x70 /home/fatih/opt/riscv/lib/gcc/riscv32-unknown-elf/16.1.0/../../../../riscv32-unknown-elf/lib/libc.a(libc_a-writer.o)
 .comment       0x00000000       0x13 /home/fatih/opt/riscv/lib/gcc/riscv32-unknown-elf/16.1.0/../../../../riscv32-unknown-elf/lib/libc.a(libc_a-writer.o)
 .note.GNU-stack
                0x00000000        0x0 /home/fatih/opt/riscv/lib/gcc/riscv32-unknown-elf/16.1.0/../../../../riscv32-unknown-elf/lib/libc.a(libc_a-writer.o)
 .riscv.attributes
                0x00000000       0x1c /home/fatih/opt/riscv/lib/gcc/riscv32-unknown-elf/16.1.0/../../../../riscv32-unknown-elf/lib/libc.a(libc_a-writer.o)
 .text          0x00000000      0x1a4 /home/fatih/opt/riscv/lib/gcc/riscv32-unknown-elf/16.1.0/../../../../riscv32-unknown-elf/lib/libc.a(libc_a-memset.o)
 .data          0x00000000        0x0 /home/fatih/opt/riscv/lib/gcc/riscv32-unknown-elf/16.1.0/../../../../riscv32-unknown-elf/lib/libc.a(libc_a-memset.o)
 .bss           0x00000000        0x0 /home/fatih/opt/riscv/lib/gcc/riscv32-unknown-elf/16.1.0/../../../../riscv32-unknown-elf/lib/libc.a(libc_a-memset.o)
 .riscv.attributes
                0x00000000       0x1a /home/fatih/opt/riscv/lib/gcc/riscv32-unknown-elf/16.1.0/../../../../riscv32-unknown-elf/lib/libc.a(libc_a-memset.o)
 .text          0x00000000        0x0 /home/fatih/opt/riscv/lib/gcc/riscv32-unknown-elf/16.1.0/../../../../riscv32-unknown-elf/lib/libc.a(libc_a-fclose.o)
 .data          0x00000000        0x0 /home/fatih/opt/riscv/lib/gcc/riscv32-unknown-elf/16.1.0/../../../../riscv32-unknown-elf/lib/libc.a(libc_a-fclose.o)
 .bss           0x00000000        0x0 /home/fatih/opt/riscv/lib/gcc/riscv32-unknown-elf/16.1.0/../../../../riscv32-unknown-elf/lib/libc.a(libc_a-fclose.o)
 .text._fclose_r
                0x00000000      0x138 /home/fatih/opt/riscv/lib/gcc/riscv32-unknown-elf/16.1.0/../../../../riscv32-unknown-elf/lib/libc.a(libc_a-fclose.o)
 .text.fclose   0x00000000       0x14 /home/fatih/opt/riscv/lib/gcc/riscv32-unknown-elf/16.1.0/../../../../riscv32-unknown-elf/lib/libc.a(libc_a-fclose.o)
 .comment       0x00000000       0x13 /home/fatih/opt/riscv/lib/gcc/riscv32-unknown-elf/16.1.0/../../../../riscv32-unknown-elf/lib/libc.a(libc_a-fclose.o)
 .note.GNU-stack
                0x00000000        0x0 /home/fatih/opt/riscv/lib/gcc/riscv32-unknown-elf/16.1.0/../../../../riscv32-unknown-elf/lib/libc.a(libc_a-fclose.o)
 .riscv.attributes
                0x00000000       0x1c /home/fatih/opt/riscv/lib/gcc/riscv32-unknown-elf/16.1.0/../../../../riscv32-unknown-elf/lib/libc.a(libc_a-fclose.o)
 .text          0x00000000        0x0 /home/fatih/opt/riscv/lib/gcc/riscv32-unknown-elf/16.1.0/../../../../riscv32-unknown-elf/lib/libc.a(libc_a-fflush.o)
 .data          0x00000000        0x0 /home/fatih/opt/riscv/lib/gcc/riscv32-unknown-elf/16.1.0/../../../../riscv32-unknown-elf/lib/libc.a(libc_a-fflush.o)
 .bss           0x00000000        0x0 /home/fatih/opt/riscv/lib/gcc/riscv32-unknown-elf/16.1.0/../../../../riscv32-unknown-elf/lib/libc.a(libc_a-fflush.o)
 .text.__sflush_r
                0x00000000      0x280 /home/fatih/opt/riscv/lib/gcc/riscv32-unknown-elf/16.1.0/../../../../riscv32-unknown-elf/lib/libc.a(libc_a-fflush.o)
 .text._fflush_r
                0x00000000       0x78 /home/fatih/opt/riscv/lib/gcc/riscv32-unknown-elf/16.1.0/../../../../riscv32-unknown-elf/lib/libc.a(libc_a-fflush.o)
 .text.fflush   0x00000000       0x9c /home/fatih/opt/riscv/lib/gcc/riscv32-unknown-elf/16.1.0/../../../../riscv32-unknown-elf/lib/libc.a(libc_a-fflush.o)
 .comment       0x00000000       0x13 /home/fatih/opt/riscv/lib/gcc/riscv32-unknown-elf/16.1.0/../../../../riscv32-unknown-elf/lib/libc.a(libc_a-fflush.o)
 .note.GNU-stack
                0x00000000        0x0 /home/fatih/opt/riscv/lib/gcc/riscv32-unknown-elf/16.1.0/../../../../riscv32-unknown-elf/lib/libc.a(libc_a-fflush.o)
 .riscv.attributes
                0x00000000       0x1c /home/fatih/opt/riscv/lib/gcc/riscv32-unknown-elf/16.1.0/../../../../riscv32-unknown-elf/lib/libc.a(libc_a-fflush.o)
 .data          0x00000000        0x0 /home/fatih/opt/riscv/lib/gcc/riscv32-unknown-elf/16.1.0/libgcc.a(_udivdi3.o)
 .bss           0x00000000        0x0 /home/fatih/opt/riscv/lib/gcc/riscv32-unknown-elf/16.1.0/libgcc.a(_udivdi3.o)
 .eh_frame      0x00000000       0x60 /home/fatih/opt/riscv/lib/gcc/riscv32-unknown-elf/16.1.0/libgcc.a(_udivdi3.o)
 .data          0x00000000        0x0 /home/fatih/opt/riscv/lib/gcc/riscv32-unknown-elf/16.1.0/libgcc.a(_umoddi3.o)
 .bss           0x00000000        0x0 /home/fatih/opt/riscv/lib/gcc/riscv32-unknown-elf/16.1.0/libgcc.a(_umoddi3.o)
 .eh_frame      0x00000000       0x68 /home/fatih/opt/riscv/lib/gcc/riscv32-unknown-elf/16.1.0/libgcc.a(_umoddi3.o)
 .data          0x00000000        0x0 /home/fatih/opt/riscv/lib/gcc/riscv32-unknown-elf/16.1.0/libgcc.a(muldi3.o)
 .bss           0x00000000        0x0 /home/fatih/opt/riscv/lib/gcc/riscv32-unknown-elf/16.1.0/libgcc.a(muldi3.o)
 .data          0x00000000        0x0 /home/fatih/opt/riscv/lib/gcc/riscv32-unknown-elf/16.1.0/libgcc.a(div.o)
 .bss           0x00000000        0x0 /home/fatih/opt/riscv/lib/gcc/riscv32-unknown-elf/16.1.0/libgcc.a(div.o)
 .text          0x00000000        0x0 /home/fatih/opt/riscv/lib/gcc/riscv32-unknown-elf/16.1.0/libgcc.a(_clz.o)
 .data          0x00000000        0x0 /home/fatih/opt/riscv/lib/gcc/riscv32-unknown-elf/16.1.0/libgcc.a(_clz.o)
 .bss           0x00000000        0x0 /home/fatih/opt/riscv/lib/gcc/riscv32-unknown-elf/16.1.0/libgcc.a(_clz.o)

Memory Configuration

Name             Origin             Length             Attributes
ram              0x00000000         0x00002000         xrw
*default*        0x00000000         0xffffffff

Linker script and memory map

LOAD main.o
LOAD printf/printf.o
LOAD platform.o
LOAD startup.o
START GROUP
LOAD /home/fatih/opt/riscv/lib/gcc/riscv32-unknown-elf/16.1.0/../../../../riscv32-unknown-elf/lib/libc.a
LOAD /home/fatih/opt/riscv/lib/gcc/riscv32-unknown-elf/16.1.0/libgcc.a
LOAD /home/fatih/opt/riscv/lib/gcc/riscv32-unknown-elf/16.1.0/../../../../riscv32-unknown-elf/lib/libnosys.a
END GROUP
LOAD /home/fatih/opt/riscv/lib/gcc/riscv32-unknown-elf/16.1.0/libgcc.a
START GROUP
LOAD /home/fatih/opt/riscv/lib/gcc/riscv32-unknown-elf/16.1.0/../../../../riscv32-unknown-elf/lib/libc.a
LOAD /home/fatih/opt/riscv/lib/gcc/riscv32-unknown-elf/16.1.0/../../../../riscv32-unknown-elf/lib/libgloss.a
END GROUP
LOAD /home/fatih/opt/riscv/lib/gcc/riscv32-unknown-elf/16.1.0/libgcc.a

.text           0x00000000     0x19f4
 *(.vectors)
 .vectors       0x00000000       0x34 startup.o
                0x00000000                reset_handler
 *(.text*)
 .text.startup.main
                0x00000034       0x80 main.o
                0x00000034                main
 .text.putchar_
                0x000000b4        0x4 main.o
                0x000000b4                putchar_
 .text.putchar_via_gadget
                0x000000b8       0x3c printf/printf.o
 .text.out_rev_
                0x000000f4       0xc4 printf/printf.o
 .text.print_integer
                0x000001b8      0x30c printf/printf.o
 .text.putchar_wrapper
                0x000004c4        0x4 printf/printf.o
 .text.vsnprintf_impl.constprop.0
                0x000004c8      0x6f4 printf/printf.o
 .text.vprintf_
                0x00000bbc       0x44 printf/printf.o
                0x00000bbc                vprintf_
 .text.printf_  0x00000c00       0x3c printf/printf.o
                0x00000c00                printf_
 .text.HAL_uart_init
                0x00000c3c       0x38 platform.o
                0x00000c3c                HAL_uart_init
 .text.outbyte  0x00000c74       0x18 platform.o
                0x00000c74                outbyte
 .text.usleep   0x00000c8c       0x24 platform.o
                0x00000c8c                usleep
 .text          0x00000cb0      0x5ac /home/fatih/opt/riscv/lib/gcc/riscv32-unknown-elf/16.1.0/libgcc.a(_udivdi3.o)
                0x00000cb0                __udivdi3
 .text          0x0000125c      0x59c /home/fatih/opt/riscv/lib/gcc/riscv32-unknown-elf/16.1.0/libgcc.a(_umoddi3.o)
                0x0000125c                __umoddi3
 .text          0x000017f8       0x24 /home/fatih/opt/riscv/lib/gcc/riscv32-unknown-elf/16.1.0/libgcc.a(muldi3.o)
                0x000017f8                __mulsi3
 .text          0x0000181c       0xb4 /home/fatih/opt/riscv/lib/gcc/riscv32-unknown-elf/16.1.0/libgcc.a(div.o)
                0x0000181c                __divsi3
                0x00001824                __hidden___udivsi3
                0x00001824                __udivsi3
                0x0000186c                __umodsi3
                0x000018a0                __modsi3
                0x000018d0                        . = ALIGN (0x4)
 *(.rodata*)
 .rodata.main.str1.4
                0x000018d0       0x22 main.o
                                 0x14 (size before relaxing)
 .rodata.vsnprintf_impl.constprop.0.str1.4
                0x000018f2        0x0 printf/printf.o
                                  0xe (size before relaxing)
 *fill*         0x000018f2        0x2 
 .rodata        0x000018f4      0x100 /home/fatih/opt/riscv/lib/gcc/riscv32-unknown-elf/16.1.0/libgcc.a(_clz.o)
                0x000018f4                __clz_tab
                0x000019f4                        . = ALIGN (0x4)
                0x000019f4                        . = ALIGN (0x4)
                0x000019f4                        _etext = .

.data           0x000019f4        0x4
                0x000019f4                        _data = .
 *(.data*)
                0x000019f4                        __global_pointer$ = .
 *(.sdata*)
 .sdata.spGpio0
                0x000019f4        0x4 main.o
                0x000019f4                spGpio0
 *(.ramtext*)
                0x000019f8                        . = ALIGN (0x4)
                0x000019f8                        _edata = .
                0x000019f4                        _data_loadaddr = LOADADDR (.data)

.bss            0x000019f8        0x0
 *(.bss*)
 *(COMMON)
                0x000019f8                        . = ALIGN (0x4)
                0x000019f8                        _ebss = .
                0x000019f8                        . = ALIGN (0x4)
                0x000019f8                        end = .
                0x00002000                        PROVIDE (_stack = (ORIGIN (ram) + LENGTH (ram)))
OUTPUT(main.elf elf32-littleriscv)

.comment        0x00000000       0x19
 .comment       0x00000000       0x19 main.o
                                 0x1a (size before relaxing)
 .comment       0x00000019        0x0 printf/printf.o
                                 0x1a (size before relaxing)
 .comment       0x00000019        0x0 platform.o
                                 0x1a (size before relaxing)
 .comment       0x00000019        0x0 /home/fatih/opt/riscv/lib/gcc/riscv32-unknown-elf/16.1.0/libgcc.a(_udivdi3.o)
                                 0x1a (size before relaxing)
 .comment       0x00000019        0x0 /home/fatih/opt/riscv/lib/gcc/riscv32-unknown-elf/16.1.0/libgcc.a(_umoddi3.o)
                                 0x1a (size before relaxing)
 .comment       0x00000019        0x0 /home/fatih/opt/riscv/lib/gcc/riscv32-unknown-elf/16.1.0/libgcc.a(_clz.o)
                                 0x1a (size before relaxing)

.note.GNU-stack
                0x00000000        0x0
 .note.GNU-stack
                0x00000000        0x0 main.o
 .note.GNU-stack
                0x00000000        0x0 printf/printf.o
 .note.GNU-stack
                0x00000000        0x0 platform.o
 .note.GNU-stack
                0x00000000        0x0 /home/fatih/opt/riscv/lib/gcc/riscv32-unknown-elf/16.1.0/libgcc.a(_udivdi3.o)
 .note.GNU-stack
                0x00000000        0x0 /home/fatih/opt/riscv/lib/gcc/riscv32-unknown-elf/16.1.0/libgcc.a(_umoddi3.o)
 .note.GNU-stack
                0x00000000        0x0 /home/fatih/opt/riscv/lib/gcc/riscv32-unknown-elf/16.1.0/libgcc.a(_clz.o)

.riscv.attributes
                0x00000000       0x1c
 .riscv.attributes
                0x00000000       0x1c main.o
 .riscv.attributes
                0x0000001c       0x1c printf/printf.o
 .riscv.attributes
                0x00000038       0x1c platform.o
 .riscv.attributes
                0x00000054       0x1c /home/fatih/opt/riscv/lib/gcc/riscv32-unknown-elf/16.1.0/libgcc.a(_udivdi3.o)
 .riscv.attributes
                0x00000070       0x1c /home/fatih/opt/riscv/lib/gcc/riscv32-unknown-elf/16.1.0/libgcc.a(_umoddi3.o)
 .riscv.attributes
                0x0000008c       0x1a /home/fatih/opt/riscv/lib/gcc/riscv32-unknown-elf/16.1.0/libgcc.a(muldi3.o)
 .riscv.attributes
                0x000000a6       0x1a /home/fatih/opt/riscv/lib/gcc/riscv32-unknown-elf/16.1.0/libgcc.a(div.o)
 .riscv.attributes
                0x000000c0       0x1c /home/fatih/opt/riscv/lib/gcc/riscv32-unknown-elf/16.1.0/libgcc.a(_clz.o)

.debug_info     0x00000000     0x163c
 .debug_info    0x00000000      0xa27 /home/fatih/opt/riscv/lib/gcc/riscv32-unknown-elf/16.1.0/libgcc.a(_udivdi3.o)
 .debug_info    0x00000a27      0xa93 /home/fatih/opt/riscv/lib/gcc/riscv32-unknown-elf/16.1.0/libgcc.a(_umoddi3.o)
 .debug_info    0x000014ba       0x31 /home/fatih/opt/riscv/lib/gcc/riscv32-unknown-elf/16.1.0/libgcc.a(muldi3.o)
 .debug_info    0x000014eb       0x5f /home/fatih/opt/riscv/lib/gcc/riscv32-unknown-elf/16.1.0/libgcc.a(div.o)
 .debug_info    0x0000154a       0xf2 /home/fatih/opt/riscv/lib/gcc/riscv32-unknown-elf/16.1.0/libgcc.a(_clz.o)

.debug_abbrev   0x00000000      0x487
 .debug_abbrev  0x00000000      0x1db /home/fatih/opt/riscv/lib/gcc/riscv32-unknown-elf/16.1.0/libgcc.a(_udivdi3.o)
 .debug_abbrev  0x000001db      0x1e6 /home/fatih/opt/riscv/lib/gcc/riscv32-unknown-elf/16.1.0/libgcc.a(_umoddi3.o)
 .debug_abbrev  0x000003c1       0x28 /home/fatih/opt/riscv/lib/gcc/riscv32-unknown-elf/16.1.0/libgcc.a(muldi3.o)
 .debug_abbrev  0x000003e9       0x28 /home/fatih/opt/riscv/lib/gcc/riscv32-unknown-elf/16.1.0/libgcc.a(div.o)
 .debug_abbrev  0x00000411       0x76 /home/fatih/opt/riscv/lib/gcc/riscv32-unknown-elf/16.1.0/libgcc.a(_clz.o)

.debug_loclists
                0x00000000     0x17b2
 .debug_loclists
                0x00000000      0xdf2 /home/fatih/opt/riscv/lib/gcc/riscv32-unknown-elf/16.1.0/libgcc.a(_udivdi3.o)
 .debug_loclists
                0x00000df2      0x9c0 /home/fatih/opt/riscv/lib/gcc/riscv32-unknown-elf/16.1.0/libgcc.a(_umoddi3.o)

.debug_aranges  0x00000000       0x98
 .debug_aranges
                0x00000000       0x20 /home/fatih/opt/riscv/lib/gcc/riscv32-unknown-elf/16.1.0/libgcc.a(_udivdi3.o)
 .debug_aranges
                0x00000020       0x20 /home/fatih/opt/riscv/lib/gcc/riscv32-unknown-elf/16.1.0/libgcc.a(_umoddi3.o)
 .debug_aranges
                0x00000040       0x20 /home/fatih/opt/riscv/lib/gcc/riscv32-unknown-elf/16.1.0/libgcc.a(muldi3.o)
 .debug_aranges
                0x00000060       0x20 /home/fatih/opt/riscv/lib/gcc/riscv32-unknown-elf/16.1.0/libgcc.a(div.o)
 .debug_aranges
                0x00000080       0x18 /home/fatih/opt/riscv/lib/gcc/riscv32-unknown-elf/16.1.0/libgcc.a(_clz.o)

.debug_rnglists
                0x00000000      0x16c
 .debug_rnglists
                0x00000000       0xd3 /home/fatih/opt/riscv/lib/gcc/riscv32-unknown-elf/16.1.0/libgcc.a(_udivdi3.o)
 .debug_rnglists
                0x000000d3       0x99 /home/fatih/opt/riscv/lib/gcc/riscv32-unknown-elf/16.1.0/libgcc.a(_umoddi3.o)

.debug_line     0x00000000     0x15ac
 .debug_line    0x00000000      0xa04 /home/fatih/opt/riscv/lib/gcc/riscv32-unknown-elf/16.1.0/libgcc.a(_udivdi3.o)
 .debug_line    0x00000a04      0x992 /home/fatih/opt/riscv/lib/gcc/riscv32-unknown-elf/16.1.0/libgcc.a(_umoddi3.o)
 .debug_line    0x00001396       0x7a /home/fatih/opt/riscv/lib/gcc/riscv32-unknown-elf/16.1.0/libgcc.a(muldi3.o)
 .debug_line    0x00001410      0x153 /home/fatih/opt/riscv/lib/gcc/riscv32-unknown-elf/16.1.0/libgcc.a(div.o)
 .debug_line    0x00001563       0x49 /home/fatih/opt/riscv/lib/gcc/riscv32-unknown-elf/16.1.0/libgcc.a(_clz.o)

.debug_str      0x00000000      0x39d
 .debug_str     0x00000000      0x39d /home/fatih/opt/riscv/lib/gcc/riscv32-unknown-elf/16.1.0/libgcc.a(_udivdi3.o)
                                0x287 (size before relaxing)
 .debug_str     0x0000039d        0x0 /home/fatih/opt/riscv/lib/gcc/riscv32-unknown-elf/16.1.0/libgcc.a(_umoddi3.o)
                                0x287 (size before relaxing)
 .debug_str     0x0000039d        0x0 /home/fatih/opt/riscv/lib/gcc/riscv32-unknown-elf/16.1.0/libgcc.a(muldi3.o)
                                 0x94 (size before relaxing)
 .debug_str     0x0000039d        0x0 /home/fatih/opt/riscv/lib/gcc/riscv32-unknown-elf/16.1.0/libgcc.a(div.o)
                                 0xc1 (size before relaxing)
 .debug_str     0x0000039d        0x0 /home/fatih/opt/riscv/lib/gcc/riscv32-unknown-elf/16.1.0/libgcc.a(_clz.o)
                                0x1ab (size before relaxing)

.debug_line_str
                0x00000000       0xc5
 .debug_line_str
                0x00000000       0xc5 /home/fatih/opt/riscv/lib/gcc/riscv32-unknown-elf/16.1.0/libgcc.a(_udivdi3.o)
                                 0x9d (size before relaxing)
 .debug_line_str
                0x000000c5        0x0 /home/fatih/opt/riscv/lib/gcc/riscv32-unknown-elf/16.1.0/libgcc.a(_umoddi3.o)
                                 0x9d (size before relaxing)
 .debug_line_str
                0x000000c5        0x0 /home/fatih/opt/riscv/lib/gcc/riscv32-unknown-elf/16.1.0/libgcc.a(muldi3.o)
                                 0x7f (size before relaxing)
 .debug_line_str
                0x000000c5        0x0 /home/fatih/opt/riscv/lib/gcc/riscv32-unknown-elf/16.1.0/libgcc.a(div.o)
                                 0x7c (size before relaxing)
 .debug_line_str
                0x000000c5        0x0 /home/fatih/opt/riscv/lib/gcc/riscv32-unknown-elf/16.1.0/libgcc.a(_clz.o)
                                 0x9d (size before relaxing)

Cross Reference Table

Symbol                                            File
HAL_uart_getc                                     platform.o
HAL_uart_init                                     platform.o
                                                  main.o
HAL_uart_putc                                     platform.o
__clz_tab                                         /home/fatih/opt/riscv/lib/gcc/riscv32-unknown-elf/16.1.0/libgcc.a(_clz.o)
                                                  /home/fatih/opt/riscv/lib/gcc/riscv32-unknown-elf/16.1.0/libgcc.a(_umoddi3.o)
                                                  /home/fatih/opt/riscv/lib/gcc/riscv32-unknown-elf/16.1.0/libgcc.a(_udivdi3.o)
__divsi3                                          /home/fatih/opt/riscv/lib/gcc/riscv32-unknown-elf/16.1.0/libgcc.a(div.o)
                                                  platform.o
__fp_lock_all                                     /home/fatih/opt/riscv/lib/gcc/riscv32-unknown-elf/16.1.0/../../../../riscv32-unknown-elf/lib/libc.a(libc_a-findfp.o)
__fp_unlock_all                                   /home/fatih/opt/riscv/lib/gcc/riscv32-unknown-elf/16.1.0/../../../../riscv32-unknown-elf/lib/libc.a(libc_a-findfp.o)
__global_pointer$                                 startup.o
__hidden___udivsi3                                /home/fatih/opt/riscv/lib/gcc/riscv32-unknown-elf/16.1.0/libgcc.a(div.o)
__malloc_av_                                      /home/fatih/opt/riscv/lib/gcc/riscv32-unknown-elf/16.1.0/../../../../riscv32-unknown-elf/lib/libc.a(libc_a-mallocr.o)
                                                  /home/fatih/opt/riscv/lib/gcc/riscv32-unknown-elf/16.1.0/../../../../riscv32-unknown-elf/lib/libc.a(libc_a-freer.o)
__malloc_current_mallinfo                         /home/fatih/opt/riscv/lib/gcc/riscv32-unknown-elf/16.1.0/../../../../riscv32-unknown-elf/lib/libc.a(libc_a-mallocr.o)
                                                  /home/fatih/opt/riscv/lib/gcc/riscv32-unknown-elf/16.1.0/../../../../riscv32-unknown-elf/lib/libc.a(libc_a-freer.o)
__malloc_lock                                     /home/fatih/opt/riscv/lib/gcc/riscv32-unknown-elf/16.1.0/../../../../riscv32-unknown-elf/lib/libc.a(libc_a-mlock.o)
                                                  /home/fatih/opt/riscv/lib/gcc/riscv32-unknown-elf/16.1.0/../../../../riscv32-unknown-elf/lib/libc.a(libc_a-mallocr.o)
                                                  /home/fatih/opt/riscv/lib/gcc/riscv32-unknown-elf/16.1.0/../../../../riscv32-unknown-elf/lib/libc.a(libc_a-freer.o)
__malloc_max_sbrked_mem                           /home/fatih/opt/riscv/lib/gcc/riscv32-unknown-elf/16.1.0/../../../../riscv32-unknown-elf/lib/libc.a(libc_a-mallocr.o)
__malloc_max_total_mem                            /home/fatih/opt/riscv/lib/gcc/riscv32-unknown-elf/16.1.0/../../../../riscv32-unknown-elf/lib/libc.a(libc_a-mallocr.o)
__malloc_sbrk_base                                /home/fatih/opt/riscv/lib/gcc/riscv32-unknown-elf/16.1.0/../../../../riscv32-unknown-elf/lib/libc.a(libc_a-mallocr.o)
                                                  /home/fatih/opt/riscv/lib/gcc/riscv32-unknown-elf/16.1.0/../../../../riscv32-unknown-elf/lib/libc.a(libc_a-freer.o)
__malloc_top_pad                                  /home/fatih/opt/riscv/lib/gcc/riscv32-unknown-elf/16.1.0/../../../../riscv32-unknown-elf/lib/libc.a(libc_a-mallocr.o)
                                                  /home/fatih/opt/riscv/lib/gcc/riscv32-unknown-elf/16.1.0/../../../../riscv32-unknown-elf/lib/libc.a(libc_a-freer.o)
__malloc_trim_threshold                           /home/fatih/opt/riscv/lib/gcc/riscv32-unknown-elf/16.1.0/../../../../riscv32-unknown-elf/lib/libc.a(libc_a-mallocr.o)
                                                  /home/fatih/opt/riscv/lib/gcc/riscv32-unknown-elf/16.1.0/../../../../riscv32-unknown-elf/lib/libc.a(libc_a-freer.o)
__malloc_unlock                                   /home/fatih/opt/riscv/lib/gcc/riscv32-unknown-elf/16.1.0/../../../../riscv32-unknown-elf/lib/libc.a(libc_a-mlock.o)
                                                  /home/fatih/opt/riscv/lib/gcc/riscv32-unknown-elf/16.1.0/../../../../riscv32-unknown-elf/lib/libc.a(libc_a-mallocr.o)
                                                  /home/fatih/opt/riscv/lib/gcc/riscv32-unknown-elf/16.1.0/../../../../riscv32-unknown-elf/lib/libc.a(libc_a-freer.o)
__modsi3                                          /home/fatih/opt/riscv/lib/gcc/riscv32-unknown-elf/16.1.0/libgcc.a(div.o)
__mulsi3                                          /home/fatih/opt/riscv/lib/gcc/riscv32-unknown-elf/16.1.0/libgcc.a(muldi3.o)
                                                  /home/fatih/opt/riscv/lib/gcc/riscv32-unknown-elf/16.1.0/libgcc.a(_umoddi3.o)
                                                  /home/fatih/opt/riscv/lib/gcc/riscv32-unknown-elf/16.1.0/libgcc.a(_udivdi3.o)
__sclose                                          /home/fatih/opt/riscv/lib/gcc/riscv32-unknown-elf/16.1.0/../../../../riscv32-unknown-elf/lib/libc.a(libc_a-stdio.o)
                                                  /home/fatih/opt/riscv/lib/gcc/riscv32-unknown-elf/16.1.0/../../../../riscv32-unknown-elf/lib/libc.a(libc_a-findfp.o)
__seofread                                        /home/fatih/opt/riscv/lib/gcc/riscv32-unknown-elf/16.1.0/../../../../riscv32-unknown-elf/lib/libc.a(libc_a-stdio.o)
__sf                                              /home/fatih/opt/riscv/lib/gcc/riscv32-unknown-elf/16.1.0/../../../../riscv32-unknown-elf/lib/libc.a(libc_a-findfp.o)
                                                  /home/fatih/opt/riscv/lib/gcc/riscv32-unknown-elf/16.1.0/../../../../riscv32-unknown-elf/lib/libc.a(libc_a-impure.o)
__sflush_r                                        /home/fatih/opt/riscv/lib/gcc/riscv32-unknown-elf/16.1.0/../../../../riscv32-unknown-elf/lib/libc.a(libc_a-fflush.o)
                                                  /home/fatih/opt/riscv/lib/gcc/riscv32-unknown-elf/16.1.0/../../../../riscv32-unknown-elf/lib/libc.a(libc_a-fclose.o)
__sfp                                             /home/fatih/opt/riscv/lib/gcc/riscv32-unknown-elf/16.1.0/../../../../riscv32-unknown-elf/lib/libc.a(libc_a-findfp.o)
__sfp_lock_acquire                                /home/fatih/opt/riscv/lib/gcc/riscv32-unknown-elf/16.1.0/../../../../riscv32-unknown-elf/lib/libc.a(libc_a-findfp.o)
                                                  /home/fatih/opt/riscv/lib/gcc/riscv32-unknown-elf/16.1.0/../../../../riscv32-unknown-elf/lib/libc.a(libc_a-fclose.o)
__sfp_lock_release                                /home/fatih/opt/riscv/lib/gcc/riscv32-unknown-elf/16.1.0/../../../../riscv32-unknown-elf/lib/libc.a(libc_a-findfp.o)
                                                  /home/fatih/opt/riscv/lib/gcc/riscv32-unknown-elf/16.1.0/../../../../riscv32-unknown-elf/lib/libc.a(libc_a-fclose.o)
__sglue                                           /home/fatih/opt/riscv/lib/gcc/riscv32-unknown-elf/16.1.0/../../../../riscv32-unknown-elf/lib/libc.a(libc_a-findfp.o)
                                                  /home/fatih/opt/riscv/lib/gcc/riscv32-unknown-elf/16.1.0/../../../../riscv32-unknown-elf/lib/libc.a(libc_a-fflush.o)
__sinit                                           /home/fatih/opt/riscv/lib/gcc/riscv32-unknown-elf/16.1.0/../../../../riscv32-unknown-elf/lib/libc.a(libc_a-findfp.o)
                                                  /home/fatih/opt/riscv/lib/gcc/riscv32-unknown-elf/16.1.0/../../../../riscv32-unknown-elf/lib/libc.a(libc_a-fflush.o)
                                                  /home/fatih/opt/riscv/lib/gcc/riscv32-unknown-elf/16.1.0/../../../../riscv32-unknown-elf/lib/libc.a(libc_a-fclose.o)
__sread                                           /home/fatih/opt/riscv/lib/gcc/riscv32-unknown-elf/16.1.0/../../../../riscv32-unknown-elf/lib/libc.a(libc_a-stdio.o)
                                                  /home/fatih/opt/riscv/lib/gcc/riscv32-unknown-elf/16.1.0/../../../../riscv32-unknown-elf/lib/libc.a(libc_a-findfp.o)
__sseek                                           /home/fatih/opt/riscv/lib/gcc/riscv32-unknown-elf/16.1.0/../../../../riscv32-unknown-elf/lib/libc.a(libc_a-stdio.o)
                                                  /home/fatih/opt/riscv/lib/gcc/riscv32-unknown-elf/16.1.0/../../../../riscv32-unknown-elf/lib/libc.a(libc_a-findfp.o)
__stdio_exit_handler                              /home/fatih/opt/riscv/lib/gcc/riscv32-unknown-elf/16.1.0/../../../../riscv32-unknown-elf/lib/libc.a(libc_a-findfp.o)
__swrite                                          /home/fatih/opt/riscv/lib/gcc/riscv32-unknown-elf/16.1.0/../../../../riscv32-unknown-elf/lib/libc.a(libc_a-stdio.o)
                                                  /home/fatih/opt/riscv/lib/gcc/riscv32-unknown-elf/16.1.0/../../../../riscv32-unknown-elf/lib/libc.a(libc_a-findfp.o)
__udivdi3                                         /home/fatih/opt/riscv/lib/gcc/riscv32-unknown-elf/16.1.0/libgcc.a(_udivdi3.o)
                                                  printf/printf.o
__udivsi3                                         /home/fatih/opt/riscv/lib/gcc/riscv32-unknown-elf/16.1.0/libgcc.a(div.o)
                                                  /home/fatih/opt/riscv/lib/gcc/riscv32-unknown-elf/16.1.0/libgcc.a(_umoddi3.o)
                                                  /home/fatih/opt/riscv/lib/gcc/riscv32-unknown-elf/16.1.0/libgcc.a(_udivdi3.o)
__umoddi3                                         /home/fatih/opt/riscv/lib/gcc/riscv32-unknown-elf/16.1.0/libgcc.a(_umoddi3.o)
                                                  printf/printf.o
__umodsi3                                         /home/fatih/opt/riscv/lib/gcc/riscv32-unknown-elf/16.1.0/libgcc.a(div.o)
                                                  /home/fatih/opt/riscv/lib/gcc/riscv32-unknown-elf/16.1.0/libgcc.a(_umoddi3.o)
                                                  /home/fatih/opt/riscv/lib/gcc/riscv32-unknown-elf/16.1.0/libgcc.a(_udivdi3.o)
_close                                            platform.o
                                                  /home/fatih/opt/riscv/lib/gcc/riscv32-unknown-elf/16.1.0/../../../../riscv32-unknown-elf/lib/libc.a(libc_a-closer.o)
_close_r                                          /home/fatih/opt/riscv/lib/gcc/riscv32-unknown-elf/16.1.0/../../../../riscv32-unknown-elf/lib/libc.a(libc_a-closer.o)
                                                  /home/fatih/opt/riscv/lib/gcc/riscv32-unknown-elf/16.1.0/../../../../riscv32-unknown-elf/lib/libc.a(libc_a-stdio.o)
_ebss                                             startup.o
_edata                                            startup.o
_execve                                           platform.o
_fclose_r                                         /home/fatih/opt/riscv/lib/gcc/riscv32-unknown-elf/16.1.0/../../../../riscv32-unknown-elf/lib/libc.a(libc_a-fclose.o)
                                                  /home/fatih/opt/riscv/lib/gcc/riscv32-unknown-elf/16.1.0/../../../../riscv32-unknown-elf/lib/libc.a(libc_a-findfp.o)
_fflush_r                                         /home/fatih/opt/riscv/lib/gcc/riscv32-unknown-elf/16.1.0/../../../../riscv32-unknown-elf/lib/libc.a(libc_a-fflush.o)
_fork                                             platform.o
_free_r                                           /home/fatih/opt/riscv/lib/gcc/riscv32-unknown-elf/16.1.0/../../../../riscv32-unknown-elf/lib/libc.a(libc_a-freer.o)
                                                  /home/fatih/opt/riscv/lib/gcc/riscv32-unknown-elf/16.1.0/../../../../riscv32-unknown-elf/lib/libc.a(libc_a-fflush.o)
                                                  /home/fatih/opt/riscv/lib/gcc/riscv32-unknown-elf/16.1.0/../../../../riscv32-unknown-elf/lib/libc.a(libc_a-fclose.o)
                                                  /home/fatih/opt/riscv/lib/gcc/riscv32-unknown-elf/16.1.0/../../../../riscv32-unknown-elf/lib/libc.a(libc_a-mallocr.o)
                                                  /home/fatih/opt/riscv/lib/gcc/riscv32-unknown-elf/16.1.0/../../../../riscv32-unknown-elf/lib/libc.a(libc_a-reent.o)
_fstat                                            platform.o
_fwalk_sglue                                      /home/fatih/opt/riscv/lib/gcc/riscv32-unknown-elf/16.1.0/../../../../riscv32-unknown-elf/lib/libc.a(libc_a-fwalk.o)
                                                  /home/fatih/opt/riscv/lib/gcc/riscv32-unknown-elf/16.1.0/../../../../riscv32-unknown-elf/lib/libc.a(libc_a-fflush.o)
                                                  /home/fatih/opt/riscv/lib/gcc/riscv32-unknown-elf/16.1.0/../../../../riscv32-unknown-elf/lib/libc.a(libc_a-findfp.o)
_getpid                                           platform.o
_impure_data                                      /home/fatih/opt/riscv/lib/gcc/riscv32-unknown-elf/16.1.0/../../../../riscv32-unknown-elf/lib/libc.a(libc_a-impure.o)
                                                  /home/fatih/opt/riscv/lib/gcc/riscv32-unknown-elf/16.1.0/../../../../riscv32-unknown-elf/lib/libc.a(libc_a-fflush.o)
                                                  /home/fatih/opt/riscv/lib/gcc/riscv32-unknown-elf/16.1.0/../../../../riscv32-unknown-elf/lib/libc.a(libc_a-findfp.o)
_impure_ptr                                       /home/fatih/opt/riscv/lib/gcc/riscv32-unknown-elf/16.1.0/../../../../riscv32-unknown-elf/lib/libc.a(libc_a-impure.o)
                                                  /home/fatih/opt/riscv/lib/gcc/riscv32-unknown-elf/16.1.0/../../../../riscv32-unknown-elf/lib/libc.a(libc_a-fflush.o)
                                                  /home/fatih/opt/riscv/lib/gcc/riscv32-unknown-elf/16.1.0/../../../../riscv32-unknown-elf/lib/libc.a(libc_a-fclose.o)
                                                  /home/fatih/opt/riscv/lib/gcc/riscv32-unknown-elf/16.1.0/../../../../riscv32-unknown-elf/lib/libc.a(libc_a-reent.o)
_isatty                                           platform.o
_kill                                             platform.o
_link                                             platform.o
_lseek                                            platform.o
                                                  /home/fatih/opt/riscv/lib/gcc/riscv32-unknown-elf/16.1.0/../../../../riscv32-unknown-elf/lib/libc.a(libc_a-lseekr.o)
_lseek_r                                          /home/fatih/opt/riscv/lib/gcc/riscv32-unknown-elf/16.1.0/../../../../riscv32-unknown-elf/lib/libc.a(libc_a-lseekr.o)
                                                  /home/fatih/opt/riscv/lib/gcc/riscv32-unknown-elf/16.1.0/../../../../riscv32-unknown-elf/lib/libc.a(libc_a-stdio.o)
_malloc_r                                         /home/fatih/opt/riscv/lib/gcc/riscv32-unknown-elf/16.1.0/../../../../riscv32-unknown-elf/lib/libc.a(libc_a-mallocr.o)
                                                  /home/fatih/opt/riscv/lib/gcc/riscv32-unknown-elf/16.1.0/../../../../riscv32-unknown-elf/lib/libc.a(libc_a-findfp.o)
_malloc_trim_r                                    /home/fatih/opt/riscv/lib/gcc/riscv32-unknown-elf/16.1.0/../../../../riscv32-unknown-elf/lib/libc.a(libc_a-freer.o)
_open                                             platform.o
_read                                             platform.o
                                                  /home/fatih/opt/riscv/lib/gcc/riscv32-unknown-elf/16.1.0/../../../../riscv32-unknown-elf/lib/libc.a(libc_a-readr.o)
_read_r                                           /home/fatih/opt/riscv/lib/gcc/riscv32-unknown-elf/16.1.0/../../../../riscv32-unknown-elf/lib/libc.a(libc_a-readr.o)
                                                  /home/fatih/opt/riscv/lib/gcc/riscv32-unknown-elf/16.1.0/../../../../riscv32-unknown-elf/lib/libc.a(libc_a-stdio.o)
_reclaim_reent                                    /home/fatih/opt/riscv/lib/gcc/riscv32-unknown-elf/16.1.0/../../../../riscv32-unknown-elf/lib/libc.a(libc_a-reent.o)
_sbrk                                             platform.o
                                                  /home/fatih/opt/riscv/lib/gcc/riscv32-unknown-elf/16.1.0/../../../../riscv32-unknown-elf/lib/libc.a(libc_a-sbrkr.o)
_sbrk_r                                           /home/fatih/opt/riscv/lib/gcc/riscv32-unknown-elf/16.1.0/../../../../riscv32-unknown-elf/lib/libc.a(libc_a-sbrkr.o)
                                                  /home/fatih/opt/riscv/lib/gcc/riscv32-unknown-elf/16.1.0/../../../../riscv32-unknown-elf/lib/libc.a(libc_a-mallocr.o)
                                                  /home/fatih/opt/riscv/lib/gcc/riscv32-unknown-elf/16.1.0/../../../../riscv32-unknown-elf/lib/libc.a(libc_a-freer.o)
_stack                                            startup.o
_stat                                             platform.o
_times                                            platform.o
_unlink                                           platform.o
_wait                                             platform.o
_write                                            platform.o
                                                  /home/fatih/opt/riscv/lib/gcc/riscv32-unknown-elf/16.1.0/../../../../riscv32-unknown-elf/lib/libc.a(libc_a-writer.o)
_write_r                                          /home/fatih/opt/riscv/lib/gcc/riscv32-unknown-elf/16.1.0/../../../../riscv32-unknown-elf/lib/libc.a(libc_a-writer.o)
                                                  /home/fatih/opt/riscv/lib/gcc/riscv32-unknown-elf/16.1.0/../../../../riscv32-unknown-elf/lib/libc.a(libc_a-stdio.o)
end                                               platform.o
errno                                             /home/fatih/opt/riscv/lib/gcc/riscv32-unknown-elf/16.1.0/../../../../riscv32-unknown-elf/lib/libc.a(libc_a-reent.o)
                                                  /home/fatih/opt/riscv/lib/gcc/riscv32-unknown-elf/16.1.0/../../../../riscv32-unknown-elf/lib/libc.a(libc_a-writer.o)
                                                  /home/fatih/opt/riscv/lib/gcc/riscv32-unknown-elf/16.1.0/../../../../riscv32-unknown-elf/lib/libc.a(libc_a-sbrkr.o)
                                                  /home/fatih/opt/riscv/lib/gcc/riscv32-unknown-elf/16.1.0/../../../../riscv32-unknown-elf/lib/libc.a(libc_a-readr.o)
                                                  /home/fatih/opt/riscv/lib/gcc/riscv32-unknown-elf/16.1.0/../../../../riscv32-unknown-elf/lib/libc.a(libc_a-lseekr.o)
                                                  /home/fatih/opt/riscv/lib/gcc/riscv32-unknown-elf/16.1.0/../../../../riscv32-unknown-elf/lib/libc.a(libc_a-closer.o)
                                                  platform.o
fclose                                            /home/fatih/opt/riscv/lib/gcc/riscv32-unknown-elf/16.1.0/../../../../riscv32-unknown-elf/lib/libc.a(libc_a-fclose.o)
fctprintf                                         printf/printf.o
fflush                                            /home/fatih/opt/riscv/lib/gcc/riscv32-unknown-elf/16.1.0/../../../../riscv32-unknown-elf/lib/libc.a(libc_a-fflush.o)
main                                              main.o
                                                  startup.o
memset                                            /home/fatih/opt/riscv/lib/gcc/riscv32-unknown-elf/16.1.0/../../../../riscv32-unknown-elf/lib/libc.a(libc_a-memset.o)
                                                  /home/fatih/opt/riscv/lib/gcc/riscv32-unknown-elf/16.1.0/../../../../riscv32-unknown-elf/lib/libc.a(libc_a-findfp.o)
outbyte                                           platform.o
                                                  main.o
printf_                                           printf/printf.o
                                                  main.o
putchar_                                          main.o
                                                  printf/printf.o
reset_handler                                     startup.o
snprintf_                                         printf/printf.o
spGpio0                                           main.o
sprintf_                                          printf/printf.o
usleep                                            platform.o
                                                  main.o
vfctprintf                                        printf/printf.o
vprintf_                                          printf/printf.o
vsnprintf_                                        printf/printf.o
vsprintf_                                         printf/printf.o
