
Merging object attributes


Discarded input sections

 .text          0x00000000        0x0 main.o
 .data          0x00000000        0x0 main.o
 .bss           0x00000000        0x0 main.o
 .text.out32    0x00000000        0x8 main.o
 .text.in32     0x00000000        0x8 main.o
 .text          0x00000000        0x0 startup.o
 .data          0x00000000        0x0 startup.o
 .bss           0x00000000        0x0 startup.o
 .eh_frame      0x00000000       0x28 startup.o

Memory Configuration

Name             Origin             Length             Attributes
*default*        0x00000000         0xffffffff

Linker script and memory map

LOAD main.o
LOAD startup.o
START GROUP
LOAD /home/fatih/opt/riscv/lib/gcc/riscv32-unknown-elf/16.1.0/../../../../riscv32-unknown-elf/lib/libc.a
LOAD /home/fatih/opt/riscv/lib/gcc/riscv32-unknown-elf/16.1.0/libgcc.a
LOAD /home/fatih/opt/riscv/lib/gcc/riscv32-unknown-elf/16.1.0/../../../../riscv32-unknown-elf/lib/libnosys.a
END GROUP
LOAD /home/fatih/opt/riscv/lib/gcc/riscv32-unknown-elf/16.1.0/libgcc.a
START GROUP
LOAD /home/fatih/opt/riscv/lib/gcc/riscv32-unknown-elf/16.1.0/../../../../riscv32-unknown-elf/lib/libc.a
LOAD /home/fatih/opt/riscv/lib/gcc/riscv32-unknown-elf/16.1.0/../../../../riscv32-unknown-elf/lib/libgloss.a
END GROUP
LOAD /home/fatih/opt/riscv/lib/gcc/riscv32-unknown-elf/16.1.0/libgcc.a
                0x00000000                        . = 0x0

.text           0x00000000       0x30
 *(.init)
 .init          0x00000000       0x30 startup.o
                0x00000000                start
 *(.text)

.text.usleep    0x00000030       0x20
 .text.usleep   0x00000030       0x20 main.o
                0x00000030                usleep

.text.startup.main
                0x00000050       0x30
 .text.startup.main
                0x00000050       0x30 main.o
                0x00000050                main

.rela.dyn       0x00000080        0x0
 .rela.init     0x00000080        0x0 main.o

.bss            0x00000080      0x800
                0x00000080                        PROVIDE (bss_start = .)
 *(.bss)
                0x00000480                        . = (. + 0x400)
 *fill*         0x00000080      0x400 
                0x00000480                        PROVIDE (stack_top = .)
                0x00000880                        . = (. + 0x400)
 *fill*         0x00000480      0x400 
                0x00000880                        PROVIDE (__global_pointer$ = .)
                0x00000880                        PROVIDE (bss_end = .)

.rodata
 *(.rodata)

.data
 *(.data)
OUTPUT(main.elf elf32-littleriscv)

.comment        0x00000000       0x19
 .comment       0x00000000       0x19 main.o
                                 0x1a (size before relaxing)

.note.GNU-stack
                0x00000000        0x0
 .note.GNU-stack
                0x00000000        0x0 main.o

.riscv.attributes
                0x00000000       0x1c
 .riscv.attributes
                0x00000000       0x1c main.o
 .riscv.attributes
                0x0000001c       0x1a startup.o

Cross Reference Table

Symbol                                            File
__global_pointer$                                 startup.o
bss_end                                           startup.o
bss_start                                         startup.o
in32                                              main.o
main                                              main.o
                                                  startup.o
out32                                             main.o
stack_top                                         startup.o
start                                             startup.o
usleep                                            main.o
