
Merging object attributes


Discarded input sections

 .text          0x00000000        0x0 main.o
 .data          0x00000000        0x0 main.o
 .bss           0x00000000        0x0 main.o
 .text.kputchar
                0x00000000       0x10 main.o
 .text          0x00000000        0x0 startup.o
 .data          0x00000000        0x0 startup.o
 .bss           0x00000000        0x0 startup.o
 .eh_frame      0x00000000       0x28 startup.o

Memory Configuration

Name             Origin             Length             Attributes
*default*        0x00000000         0xffffffff

Linker script and memory map

LOAD main.o
LOAD startup.o
START GROUP
LOAD /home/fatih/opt/riscv/lib/gcc/riscv32-unknown-elf/16.1.0/../../../../riscv32-unknown-elf/lib/libc.a
LOAD /home/fatih/opt/riscv/lib/gcc/riscv32-unknown-elf/16.1.0/libgcc.a
LOAD /home/fatih/opt/riscv/lib/gcc/riscv32-unknown-elf/16.1.0/../../../../riscv32-unknown-elf/lib/libnosys.a
END GROUP
LOAD /home/fatih/opt/riscv/lib/gcc/riscv32-unknown-elf/16.1.0/libgcc.a
START GROUP
LOAD /home/fatih/opt/riscv/lib/gcc/riscv32-unknown-elf/16.1.0/../../../../riscv32-unknown-elf/lib/libc.a
LOAD /home/fatih/opt/riscv/lib/gcc/riscv32-unknown-elf/16.1.0/../../../../riscv32-unknown-elf/lib/libgloss.a
END GROUP
LOAD /home/fatih/opt/riscv/lib/gcc/riscv32-unknown-elf/16.1.0/libgcc.a
                0x00000000                        . = 0x0

.text           0x00000000       0x30
 *(.init)
 .init          0x00000000       0x30 startup.o
                0x00000000                start
 *(.text)

.text.kprint    0x00000030       0x1c
 .text.kprint   0x00000030       0x1c main.o
                0x00000030                kprint

.text.startup.main
                0x0000004c       0x28
 .text.startup.main
                0x0000004c       0x28 main.o
                0x0000004c                main

.bss            0x00000074      0x800
                0x00000074                        PROVIDE (bss_start = .)
 *(.bss)
                0x00000474                        . = (. + 0x400)
 *fill*         0x00000074      0x400 
                0x00000474                        PROVIDE (stack_top = .)
                0x00000874                        . = (. + 0x400)
 *fill*         0x00000474      0x400 
                0x00000874                        PROVIDE (__global_pointer$ = .)
                0x00000874                        PROVIDE (bss_end = .)

.sbss.giValue   0x00000874        0x4
 .sbss.giValue  0x00000874        0x4 main.o
                0x00000874                giValue

.rodata
 *(.rodata)

.rodata.main.str1.4
                0x00000878        0xf
 .rodata.main.str1.4
                0x00000878        0xf main.o

.rela.dyn       0x00000888        0x0
 .rela.init     0x00000888        0x0 main.o

.data
 *(.data)
OUTPUT(main.elf elf32-littleriscv)

.sdata.uart     0x00000888        0x4
 .sdata.uart    0x00000888        0x4 main.o
                0x00000888                uart

.comment        0x00000000       0x19
 .comment       0x00000000       0x19 main.o
                                 0x1a (size before relaxing)

.note.GNU-stack
                0x00000000        0x0
 .note.GNU-stack
                0x00000000        0x0 main.o

.riscv.attributes
                0x00000000       0x1c
 .riscv.attributes
                0x00000000       0x1c main.o
 .riscv.attributes
                0x0000001c       0x1a startup.o

Cross Reference Table

Symbol                                            File
__global_pointer$                                 startup.o
bss_end                                           startup.o
bss_start                                         startup.o
giValue                                           main.o
kprint                                            main.o
kputchar                                          main.o
main                                              main.o
                                                  startup.o
stack_top                                         startup.o
start                                             startup.o
uart                                              main.o
