Archive member included to satisfy reference by file (symbol)

/home/fatih/opt/riscv/lib/gcc/riscv32-unknown-elf/16.1.0/../../../../riscv32-unknown-elf/lib/libc.a(libc_a-reent.o)
                              platform.o (symbol from plugin) (errno)
/home/fatih/opt/riscv/lib/gcc/riscv32-unknown-elf/16.1.0/../../../../riscv32-unknown-elf/lib/libc.a(libc_a-impure.o)
                              /home/fatih/opt/riscv/lib/gcc/riscv32-unknown-elf/16.1.0/../../../../riscv32-unknown-elf/lib/libc.a(libc_a-reent.o) (_impure_ptr)
/home/fatih/opt/riscv/lib/gcc/riscv32-unknown-elf/16.1.0/../../../../riscv32-unknown-elf/lib/libc.a(libc_a-freer.o)
                              /home/fatih/opt/riscv/lib/gcc/riscv32-unknown-elf/16.1.0/../../../../riscv32-unknown-elf/lib/libc.a(libc_a-reent.o) (_free_r)
/home/fatih/opt/riscv/lib/gcc/riscv32-unknown-elf/16.1.0/../../../../riscv32-unknown-elf/lib/libc.a(libc_a-mallocr.o)
                              /home/fatih/opt/riscv/lib/gcc/riscv32-unknown-elf/16.1.0/../../../../riscv32-unknown-elf/lib/libc.a(libc_a-freer.o) (__malloc_av_)
/home/fatih/opt/riscv/lib/gcc/riscv32-unknown-elf/16.1.0/../../../../riscv32-unknown-elf/lib/libc.a(libc_a-mlock.o)
                              /home/fatih/opt/riscv/lib/gcc/riscv32-unknown-elf/16.1.0/../../../../riscv32-unknown-elf/lib/libc.a(libc_a-freer.o) (__malloc_lock)
/home/fatih/opt/riscv/lib/gcc/riscv32-unknown-elf/16.1.0/../../../../riscv32-unknown-elf/lib/libc.a(libc_a-findfp.o)
                              /home/fatih/opt/riscv/lib/gcc/riscv32-unknown-elf/16.1.0/../../../../riscv32-unknown-elf/lib/libc.a(libc_a-impure.o) (__sf)
/home/fatih/opt/riscv/lib/gcc/riscv32-unknown-elf/16.1.0/../../../../riscv32-unknown-elf/lib/libc.a(libc_a-fwalk.o)
                              /home/fatih/opt/riscv/lib/gcc/riscv32-unknown-elf/16.1.0/../../../../riscv32-unknown-elf/lib/libc.a(libc_a-findfp.o) (_fwalk_sglue)
/home/fatih/opt/riscv/lib/gcc/riscv32-unknown-elf/16.1.0/../../../../riscv32-unknown-elf/lib/libc.a(libc_a-stdio.o)
                              /home/fatih/opt/riscv/lib/gcc/riscv32-unknown-elf/16.1.0/../../../../riscv32-unknown-elf/lib/libc.a(libc_a-findfp.o) (__sread)
/home/fatih/opt/riscv/lib/gcc/riscv32-unknown-elf/16.1.0/../../../../riscv32-unknown-elf/lib/libc.a(libc_a-closer.o)
                              /home/fatih/opt/riscv/lib/gcc/riscv32-unknown-elf/16.1.0/../../../../riscv32-unknown-elf/lib/libc.a(libc_a-stdio.o) (_close_r)
/home/fatih/opt/riscv/lib/gcc/riscv32-unknown-elf/16.1.0/../../../../riscv32-unknown-elf/lib/libc.a(libc_a-lseekr.o)
                              /home/fatih/opt/riscv/lib/gcc/riscv32-unknown-elf/16.1.0/../../../../riscv32-unknown-elf/lib/libc.a(libc_a-stdio.o) (_lseek_r)
/home/fatih/opt/riscv/lib/gcc/riscv32-unknown-elf/16.1.0/../../../../riscv32-unknown-elf/lib/libc.a(libc_a-readr.o)
                              /home/fatih/opt/riscv/lib/gcc/riscv32-unknown-elf/16.1.0/../../../../riscv32-unknown-elf/lib/libc.a(libc_a-stdio.o) (_read_r)
/home/fatih/opt/riscv/lib/gcc/riscv32-unknown-elf/16.1.0/../../../../riscv32-unknown-elf/lib/libc.a(libc_a-sbrkr.o)
                              /home/fatih/opt/riscv/lib/gcc/riscv32-unknown-elf/16.1.0/../../../../riscv32-unknown-elf/lib/libc.a(libc_a-freer.o) (_sbrk_r)
/home/fatih/opt/riscv/lib/gcc/riscv32-unknown-elf/16.1.0/../../../../riscv32-unknown-elf/lib/libc.a(libc_a-writer.o)
                              /home/fatih/opt/riscv/lib/gcc/riscv32-unknown-elf/16.1.0/../../../../riscv32-unknown-elf/lib/libc.a(libc_a-stdio.o) (_write_r)
/home/fatih/opt/riscv/lib/gcc/riscv32-unknown-elf/16.1.0/../../../../riscv32-unknown-elf/lib/libc.a(libc_a-memset.o)
                              /home/fatih/opt/riscv/lib/gcc/riscv32-unknown-elf/16.1.0/../../../../riscv32-unknown-elf/lib/libc.a(libc_a-findfp.o) (memset)
/home/fatih/opt/riscv/lib/gcc/riscv32-unknown-elf/16.1.0/../../../../riscv32-unknown-elf/lib/libc.a(libc_a-fclose.o)
                              /home/fatih/opt/riscv/lib/gcc/riscv32-unknown-elf/16.1.0/../../../../riscv32-unknown-elf/lib/libc.a(libc_a-findfp.o) (_fclose_r)
/home/fatih/opt/riscv/lib/gcc/riscv32-unknown-elf/16.1.0/../../../../riscv32-unknown-elf/lib/libc.a(libc_a-fflush.o)
                              /home/fatih/opt/riscv/lib/gcc/riscv32-unknown-elf/16.1.0/../../../../riscv32-unknown-elf/lib/libc.a(libc_a-fclose.o) (__sflush_r)

Merging object attributes


Discarded input sections

 .text          0x00000000       0x7c /tmp/cc1WVvrh.ltrans0.ltrans.o
 .data          0x00000000        0x0 /tmp/cc1WVvrh.ltrans0.ltrans.o
 .bss           0x00000000        0x0 /tmp/cc1WVvrh.ltrans0.ltrans.o
 .sbss          0x00000000        0x4 /tmp/cc1WVvrh.ltrans0.ltrans.o
 .text          0x00000000        0x0 startup.o
 .data          0x00000000        0x0 startup.o
 .bss           0x00000000        0x0 startup.o
 .eh_frame      0x00000000       0x28 startup.o
 .text          0x00000000        0x0 /home/fatih/opt/riscv/lib/gcc/riscv32-unknown-elf/16.1.0/../../../../riscv32-unknown-elf/lib/libc.a(libc_a-reent.o)
 .data          0x00000000        0x0 /home/fatih/opt/riscv/lib/gcc/riscv32-unknown-elf/16.1.0/../../../../riscv32-unknown-elf/lib/libc.a(libc_a-reent.o)
 .bss           0x00000000        0x0 /home/fatih/opt/riscv/lib/gcc/riscv32-unknown-elf/16.1.0/../../../../riscv32-unknown-elf/lib/libc.a(libc_a-reent.o)
 .text._reclaim_reent
                0x00000000       0xfc /home/fatih/opt/riscv/lib/gcc/riscv32-unknown-elf/16.1.0/../../../../riscv32-unknown-elf/lib/libc.a(libc_a-reent.o)
 .sbss.errno    0x00000000        0x4 /home/fatih/opt/riscv/lib/gcc/riscv32-unknown-elf/16.1.0/../../../../riscv32-unknown-elf/lib/libc.a(libc_a-reent.o)
 .comment       0x00000000       0x13 /home/fatih/opt/riscv/lib/gcc/riscv32-unknown-elf/16.1.0/../../../../riscv32-unknown-elf/lib/libc.a(libc_a-reent.o)
 .note.GNU-stack
                0x00000000        0x0 /home/fatih/opt/riscv/lib/gcc/riscv32-unknown-elf/16.1.0/../../../../riscv32-unknown-elf/lib/libc.a(libc_a-reent.o)
 .riscv.attributes
                0x00000000       0x1c /home/fatih/opt/riscv/lib/gcc/riscv32-unknown-elf/16.1.0/../../../../riscv32-unknown-elf/lib/libc.a(libc_a-reent.o)
 .text          0x00000000        0x0 /home/fatih/opt/riscv/lib/gcc/riscv32-unknown-elf/16.1.0/../../../../riscv32-unknown-elf/lib/libc.a(libc_a-impure.o)
 .data          0x00000000        0x0 /home/fatih/opt/riscv/lib/gcc/riscv32-unknown-elf/16.1.0/../../../../riscv32-unknown-elf/lib/libc.a(libc_a-impure.o)
 .bss           0x00000000        0x0 /home/fatih/opt/riscv/lib/gcc/riscv32-unknown-elf/16.1.0/../../../../riscv32-unknown-elf/lib/libc.a(libc_a-impure.o)
 .sdata._impure_ptr
                0x00000000        0x4 /home/fatih/opt/riscv/lib/gcc/riscv32-unknown-elf/16.1.0/../../../../riscv32-unknown-elf/lib/libc.a(libc_a-impure.o)
 .data._impure_data
                0x00000000      0x120 /home/fatih/opt/riscv/lib/gcc/riscv32-unknown-elf/16.1.0/../../../../riscv32-unknown-elf/lib/libc.a(libc_a-impure.o)
 .comment       0x00000000       0x13 /home/fatih/opt/riscv/lib/gcc/riscv32-unknown-elf/16.1.0/../../../../riscv32-unknown-elf/lib/libc.a(libc_a-impure.o)
 .note.GNU-stack
                0x00000000        0x0 /home/fatih/opt/riscv/lib/gcc/riscv32-unknown-elf/16.1.0/../../../../riscv32-unknown-elf/lib/libc.a(libc_a-impure.o)
 .riscv.attributes
                0x00000000       0x1c /home/fatih/opt/riscv/lib/gcc/riscv32-unknown-elf/16.1.0/../../../../riscv32-unknown-elf/lib/libc.a(libc_a-impure.o)
 .text          0x00000000        0x0 /home/fatih/opt/riscv/lib/gcc/riscv32-unknown-elf/16.1.0/../../../../riscv32-unknown-elf/lib/libc.a(libc_a-freer.o)
 .data          0x00000000        0x0 /home/fatih/opt/riscv/lib/gcc/riscv32-unknown-elf/16.1.0/../../../../riscv32-unknown-elf/lib/libc.a(libc_a-freer.o)
 .bss           0x00000000        0x0 /home/fatih/opt/riscv/lib/gcc/riscv32-unknown-elf/16.1.0/../../../../riscv32-unknown-elf/lib/libc.a(libc_a-freer.o)
 .text._malloc_trim_r
                0x00000000      0x148 /home/fatih/opt/riscv/lib/gcc/riscv32-unknown-elf/16.1.0/../../../../riscv32-unknown-elf/lib/libc.a(libc_a-freer.o)
 .text._free_r  0x00000000      0x2fc /home/fatih/opt/riscv/lib/gcc/riscv32-unknown-elf/16.1.0/../../../../riscv32-unknown-elf/lib/libc.a(libc_a-freer.o)
 .comment       0x00000000       0x13 /home/fatih/opt/riscv/lib/gcc/riscv32-unknown-elf/16.1.0/../../../../riscv32-unknown-elf/lib/libc.a(libc_a-freer.o)
 .note.GNU-stack
                0x00000000        0x0 /home/fatih/opt/riscv/lib/gcc/riscv32-unknown-elf/16.1.0/../../../../riscv32-unknown-elf/lib/libc.a(libc_a-freer.o)
 .riscv.attributes
                0x00000000       0x1c /home/fatih/opt/riscv/lib/gcc/riscv32-unknown-elf/16.1.0/../../../../riscv32-unknown-elf/lib/libc.a(libc_a-freer.o)
 .text          0x00000000        0x0 /home/fatih/opt/riscv/lib/gcc/riscv32-unknown-elf/16.1.0/../../../../riscv32-unknown-elf/lib/libc.a(libc_a-mallocr.o)
 .data          0x00000000        0x0 /home/fatih/opt/riscv/lib/gcc/riscv32-unknown-elf/16.1.0/../../../../riscv32-unknown-elf/lib/libc.a(libc_a-mallocr.o)
 .bss           0x00000000        0x0 /home/fatih/opt/riscv/lib/gcc/riscv32-unknown-elf/16.1.0/../../../../riscv32-unknown-elf/lib/libc.a(libc_a-mallocr.o)
 .text._malloc_r
                0x00000000      0x8d0 /home/fatih/opt/riscv/lib/gcc/riscv32-unknown-elf/16.1.0/../../../../riscv32-unknown-elf/lib/libc.a(libc_a-mallocr.o)
 .bss.__malloc_current_mallinfo
                0x00000000       0x28 /home/fatih/opt/riscv/lib/gcc/riscv32-unknown-elf/16.1.0/../../../../riscv32-unknown-elf/lib/libc.a(libc_a-mallocr.o)
 .sbss.__malloc_max_total_mem
                0x00000000        0x4 /home/fatih/opt/riscv/lib/gcc/riscv32-unknown-elf/16.1.0/../../../../riscv32-unknown-elf/lib/libc.a(libc_a-mallocr.o)
 .sbss.__malloc_max_sbrked_mem
                0x00000000        0x4 /home/fatih/opt/riscv/lib/gcc/riscv32-unknown-elf/16.1.0/../../../../riscv32-unknown-elf/lib/libc.a(libc_a-mallocr.o)
 .sdata.__malloc_sbrk_base
                0x00000000        0x4 /home/fatih/opt/riscv/lib/gcc/riscv32-unknown-elf/16.1.0/../../../../riscv32-unknown-elf/lib/libc.a(libc_a-mallocr.o)
 .sbss.__malloc_top_pad
                0x00000000        0x4 /home/fatih/opt/riscv/lib/gcc/riscv32-unknown-elf/16.1.0/../../../../riscv32-unknown-elf/lib/libc.a(libc_a-mallocr.o)
 .sdata.__malloc_trim_threshold
                0x00000000        0x4 /home/fatih/opt/riscv/lib/gcc/riscv32-unknown-elf/16.1.0/../../../../riscv32-unknown-elf/lib/libc.a(libc_a-mallocr.o)
 .data.__malloc_av_
                0x00000000      0x408 /home/fatih/opt/riscv/lib/gcc/riscv32-unknown-elf/16.1.0/../../../../riscv32-unknown-elf/lib/libc.a(libc_a-mallocr.o)
 .comment       0x00000000       0x13 /home/fatih/opt/riscv/lib/gcc/riscv32-unknown-elf/16.1.0/../../../../riscv32-unknown-elf/lib/libc.a(libc_a-mallocr.o)
 .note.GNU-stack
                0x00000000        0x0 /home/fatih/opt/riscv/lib/gcc/riscv32-unknown-elf/16.1.0/../../../../riscv32-unknown-elf/lib/libc.a(libc_a-mallocr.o)
 .riscv.attributes
                0x00000000       0x1c /home/fatih/opt/riscv/lib/gcc/riscv32-unknown-elf/16.1.0/../../../../riscv32-unknown-elf/lib/libc.a(libc_a-mallocr.o)
 .text          0x00000000        0x0 /home/fatih/opt/riscv/lib/gcc/riscv32-unknown-elf/16.1.0/../../../../riscv32-unknown-elf/lib/libc.a(libc_a-mlock.o)
 .data          0x00000000        0x0 /home/fatih/opt/riscv/lib/gcc/riscv32-unknown-elf/16.1.0/../../../../riscv32-unknown-elf/lib/libc.a(libc_a-mlock.o)
 .bss           0x00000000        0x0 /home/fatih/opt/riscv/lib/gcc/riscv32-unknown-elf/16.1.0/../../../../riscv32-unknown-elf/lib/libc.a(libc_a-mlock.o)
 .text.__malloc_lock
                0x00000000        0x4 /home/fatih/opt/riscv/lib/gcc/riscv32-unknown-elf/16.1.0/../../../../riscv32-unknown-elf/lib/libc.a(libc_a-mlock.o)
 .text.__malloc_unlock
                0x00000000        0x4 /home/fatih/opt/riscv/lib/gcc/riscv32-unknown-elf/16.1.0/../../../../riscv32-unknown-elf/lib/libc.a(libc_a-mlock.o)
 .comment       0x00000000       0x13 /home/fatih/opt/riscv/lib/gcc/riscv32-unknown-elf/16.1.0/../../../../riscv32-unknown-elf/lib/libc.a(libc_a-mlock.o)
 .note.GNU-stack
                0x00000000        0x0 /home/fatih/opt/riscv/lib/gcc/riscv32-unknown-elf/16.1.0/../../../../riscv32-unknown-elf/lib/libc.a(libc_a-mlock.o)
 .riscv.attributes
                0x00000000       0x1c /home/fatih/opt/riscv/lib/gcc/riscv32-unknown-elf/16.1.0/../../../../riscv32-unknown-elf/lib/libc.a(libc_a-mlock.o)
 .text          0x00000000        0x0 /home/fatih/opt/riscv/lib/gcc/riscv32-unknown-elf/16.1.0/../../../../riscv32-unknown-elf/lib/libc.a(libc_a-findfp.o)
 .data          0x00000000        0x0 /home/fatih/opt/riscv/lib/gcc/riscv32-unknown-elf/16.1.0/../../../../riscv32-unknown-elf/lib/libc.a(libc_a-findfp.o)
 .bss           0x00000000        0x0 /home/fatih/opt/riscv/lib/gcc/riscv32-unknown-elf/16.1.0/../../../../riscv32-unknown-elf/lib/libc.a(libc_a-findfp.o)
 .text.__fp_lock
                0x00000000        0x8 /home/fatih/opt/riscv/lib/gcc/riscv32-unknown-elf/16.1.0/../../../../riscv32-unknown-elf/lib/libc.a(libc_a-findfp.o)
 .text.stdio_exit_handler
                0x00000000       0x20 /home/fatih/opt/riscv/lib/gcc/riscv32-unknown-elf/16.1.0/../../../../riscv32-unknown-elf/lib/libc.a(libc_a-findfp.o)
 .text.cleanup_stdio
                0x00000000       0x7c /home/fatih/opt/riscv/lib/gcc/riscv32-unknown-elf/16.1.0/../../../../riscv32-unknown-elf/lib/libc.a(libc_a-findfp.o)
 .text.__fp_unlock
                0x00000000        0x8 /home/fatih/opt/riscv/lib/gcc/riscv32-unknown-elf/16.1.0/../../../../riscv32-unknown-elf/lib/libc.a(libc_a-findfp.o)
 .text.global_stdio_init.part.0
                0x00000000      0x17c /home/fatih/opt/riscv/lib/gcc/riscv32-unknown-elf/16.1.0/../../../../riscv32-unknown-elf/lib/libc.a(libc_a-findfp.o)
 .text.__sfp    0x00000000      0x140 /home/fatih/opt/riscv/lib/gcc/riscv32-unknown-elf/16.1.0/../../../../riscv32-unknown-elf/lib/libc.a(libc_a-findfp.o)
 .text.__sinit  0x00000000       0x2c /home/fatih/opt/riscv/lib/gcc/riscv32-unknown-elf/16.1.0/../../../../riscv32-unknown-elf/lib/libc.a(libc_a-findfp.o)
 .text.__sfp_lock_acquire
                0x00000000        0x4 /home/fatih/opt/riscv/lib/gcc/riscv32-unknown-elf/16.1.0/../../../../riscv32-unknown-elf/lib/libc.a(libc_a-findfp.o)
 .text.__sfp_lock_release
                0x00000000        0x4 /home/fatih/opt/riscv/lib/gcc/riscv32-unknown-elf/16.1.0/../../../../riscv32-unknown-elf/lib/libc.a(libc_a-findfp.o)
 .text.__fp_lock_all
                0x00000000       0x1c /home/fatih/opt/riscv/lib/gcc/riscv32-unknown-elf/16.1.0/../../../../riscv32-unknown-elf/lib/libc.a(libc_a-findfp.o)
 .text.__fp_unlock_all
                0x00000000       0x1c /home/fatih/opt/riscv/lib/gcc/riscv32-unknown-elf/16.1.0/../../../../riscv32-unknown-elf/lib/libc.a(libc_a-findfp.o)
 .data.__sglue  0x00000000        0xc /home/fatih/opt/riscv/lib/gcc/riscv32-unknown-elf/16.1.0/../../../../riscv32-unknown-elf/lib/libc.a(libc_a-findfp.o)
 .bss.__sf      0x00000000      0x138 /home/fatih/opt/riscv/lib/gcc/riscv32-unknown-elf/16.1.0/../../../../riscv32-unknown-elf/lib/libc.a(libc_a-findfp.o)
 .sbss.__stdio_exit_handler
                0x00000000        0x4 /home/fatih/opt/riscv/lib/gcc/riscv32-unknown-elf/16.1.0/../../../../riscv32-unknown-elf/lib/libc.a(libc_a-findfp.o)
 .comment       0x00000000       0x13 /home/fatih/opt/riscv/lib/gcc/riscv32-unknown-elf/16.1.0/../../../../riscv32-unknown-elf/lib/libc.a(libc_a-findfp.o)
 .note.GNU-stack
                0x00000000        0x0 /home/fatih/opt/riscv/lib/gcc/riscv32-unknown-elf/16.1.0/../../../../riscv32-unknown-elf/lib/libc.a(libc_a-findfp.o)
 .riscv.attributes
                0x00000000       0x1c /home/fatih/opt/riscv/lib/gcc/riscv32-unknown-elf/16.1.0/../../../../riscv32-unknown-elf/lib/libc.a(libc_a-findfp.o)
 .text          0x00000000        0x0 /home/fatih/opt/riscv/lib/gcc/riscv32-unknown-elf/16.1.0/../../../../riscv32-unknown-elf/lib/libc.a(libc_a-fwalk.o)
 .data          0x00000000        0x0 /home/fatih/opt/riscv/lib/gcc/riscv32-unknown-elf/16.1.0/../../../../riscv32-unknown-elf/lib/libc.a(libc_a-fwalk.o)
 .bss           0x00000000        0x0 /home/fatih/opt/riscv/lib/gcc/riscv32-unknown-elf/16.1.0/../../../../riscv32-unknown-elf/lib/libc.a(libc_a-fwalk.o)
 .text._fwalk_sglue
                0x00000000       0xb4 /home/fatih/opt/riscv/lib/gcc/riscv32-unknown-elf/16.1.0/../../../../riscv32-unknown-elf/lib/libc.a(libc_a-fwalk.o)
 .comment       0x00000000       0x13 /home/fatih/opt/riscv/lib/gcc/riscv32-unknown-elf/16.1.0/../../../../riscv32-unknown-elf/lib/libc.a(libc_a-fwalk.o)
 .note.GNU-stack
                0x00000000        0x0 /home/fatih/opt/riscv/lib/gcc/riscv32-unknown-elf/16.1.0/../../../../riscv32-unknown-elf/lib/libc.a(libc_a-fwalk.o)
 .riscv.attributes
                0x00000000       0x1c /home/fatih/opt/riscv/lib/gcc/riscv32-unknown-elf/16.1.0/../../../../riscv32-unknown-elf/lib/libc.a(libc_a-fwalk.o)
 .text          0x00000000        0x0 /home/fatih/opt/riscv/lib/gcc/riscv32-unknown-elf/16.1.0/../../../../riscv32-unknown-elf/lib/libc.a(libc_a-stdio.o)
 .data          0x00000000        0x0 /home/fatih/opt/riscv/lib/gcc/riscv32-unknown-elf/16.1.0/../../../../riscv32-unknown-elf/lib/libc.a(libc_a-stdio.o)
 .bss           0x00000000        0x0 /home/fatih/opt/riscv/lib/gcc/riscv32-unknown-elf/16.1.0/../../../../riscv32-unknown-elf/lib/libc.a(libc_a-stdio.o)
 .text.__sread  0x00000000       0x60 /home/fatih/opt/riscv/lib/gcc/riscv32-unknown-elf/16.1.0/../../../../riscv32-unknown-elf/lib/libc.a(libc_a-stdio.o)
 .text.__seofread
                0x00000000        0x8 /home/fatih/opt/riscv/lib/gcc/riscv32-unknown-elf/16.1.0/../../../../riscv32-unknown-elf/lib/libc.a(libc_a-stdio.o)
 .text.__swrite
                0x00000000       0x90 /home/fatih/opt/riscv/lib/gcc/riscv32-unknown-elf/16.1.0/../../../../riscv32-unknown-elf/lib/libc.a(libc_a-stdio.o)
 .text.__sseek  0x00000000       0x68 /home/fatih/opt/riscv/lib/gcc/riscv32-unknown-elf/16.1.0/../../../../riscv32-unknown-elf/lib/libc.a(libc_a-stdio.o)
 .text.__sclose
                0x00000000        0xc /home/fatih/opt/riscv/lib/gcc/riscv32-unknown-elf/16.1.0/../../../../riscv32-unknown-elf/lib/libc.a(libc_a-stdio.o)
 .comment       0x00000000       0x13 /home/fatih/opt/riscv/lib/gcc/riscv32-unknown-elf/16.1.0/../../../../riscv32-unknown-elf/lib/libc.a(libc_a-stdio.o)
 .note.GNU-stack
                0x00000000        0x0 /home/fatih/opt/riscv/lib/gcc/riscv32-unknown-elf/16.1.0/../../../../riscv32-unknown-elf/lib/libc.a(libc_a-stdio.o)
 .riscv.attributes
                0x00000000       0x1c /home/fatih/opt/riscv/lib/gcc/riscv32-unknown-elf/16.1.0/../../../../riscv32-unknown-elf/lib/libc.a(libc_a-stdio.o)
 .text          0x00000000        0x0 /home/fatih/opt/riscv/lib/gcc/riscv32-unknown-elf/16.1.0/../../../../riscv32-unknown-elf/lib/libc.a(libc_a-closer.o)
 .data          0x00000000        0x0 /home/fatih/opt/riscv/lib/gcc/riscv32-unknown-elf/16.1.0/../../../../riscv32-unknown-elf/lib/libc.a(libc_a-closer.o)
 .bss           0x00000000        0x0 /home/fatih/opt/riscv/lib/gcc/riscv32-unknown-elf/16.1.0/../../../../riscv32-unknown-elf/lib/libc.a(libc_a-closer.o)
 .text._close_r
                0x00000000       0x64 /home/fatih/opt/riscv/lib/gcc/riscv32-unknown-elf/16.1.0/../../../../riscv32-unknown-elf/lib/libc.a(libc_a-closer.o)
 .comment       0x00000000       0x13 /home/fatih/opt/riscv/lib/gcc/riscv32-unknown-elf/16.1.0/../../../../riscv32-unknown-elf/lib/libc.a(libc_a-closer.o)
 .note.GNU-stack
                0x00000000        0x0 /home/fatih/opt/riscv/lib/gcc/riscv32-unknown-elf/16.1.0/../../../../riscv32-unknown-elf/lib/libc.a(libc_a-closer.o)
 .riscv.attributes
                0x00000000       0x1c /home/fatih/opt/riscv/lib/gcc/riscv32-unknown-elf/16.1.0/../../../../riscv32-unknown-elf/lib/libc.a(libc_a-closer.o)
 .text          0x00000000        0x0 /home/fatih/opt/riscv/lib/gcc/riscv32-unknown-elf/16.1.0/../../../../riscv32-unknown-elf/lib/libc.a(libc_a-lseekr.o)
 .data          0x00000000        0x0 /home/fatih/opt/riscv/lib/gcc/riscv32-unknown-elf/16.1.0/../../../../riscv32-unknown-elf/lib/libc.a(libc_a-lseekr.o)
 .bss           0x00000000        0x0 /home/fatih/opt/riscv/lib/gcc/riscv32-unknown-elf/16.1.0/../../../../riscv32-unknown-elf/lib/libc.a(libc_a-lseekr.o)
 .text._lseek_r
                0x00000000       0x70 /home/fatih/opt/riscv/lib/gcc/riscv32-unknown-elf/16.1.0/../../../../riscv32-unknown-elf/lib/libc.a(libc_a-lseekr.o)
 .comment       0x00000000       0x13 /home/fatih/opt/riscv/lib/gcc/riscv32-unknown-elf/16.1.0/../../../../riscv32-unknown-elf/lib/libc.a(libc_a-lseekr.o)
 .note.GNU-stack
                0x00000000        0x0 /home/fatih/opt/riscv/lib/gcc/riscv32-unknown-elf/16.1.0/../../../../riscv32-unknown-elf/lib/libc.a(libc_a-lseekr.o)
 .riscv.attributes
                0x00000000       0x1c /home/fatih/opt/riscv/lib/gcc/riscv32-unknown-elf/16.1.0/../../../../riscv32-unknown-elf/lib/libc.a(libc_a-lseekr.o)
 .text          0x00000000        0x0 /home/fatih/opt/riscv/lib/gcc/riscv32-unknown-elf/16.1.0/../../../../riscv32-unknown-elf/lib/libc.a(libc_a-readr.o)
 .data          0x00000000        0x0 /home/fatih/opt/riscv/lib/gcc/riscv32-unknown-elf/16.1.0/../../../../riscv32-unknown-elf/lib/libc.a(libc_a-readr.o)
 .bss           0x00000000        0x0 /home/fatih/opt/riscv/lib/gcc/riscv32-unknown-elf/16.1.0/../../../../riscv32-unknown-elf/lib/libc.a(libc_a-readr.o)
 .text._read_r  0x00000000       0x70 /home/fatih/opt/riscv/lib/gcc/riscv32-unknown-elf/16.1.0/../../../../riscv32-unknown-elf/lib/libc.a(libc_a-readr.o)
 .comment       0x00000000       0x13 /home/fatih/opt/riscv/lib/gcc/riscv32-unknown-elf/16.1.0/../../../../riscv32-unknown-elf/lib/libc.a(libc_a-readr.o)
 .note.GNU-stack
                0x00000000        0x0 /home/fatih/opt/riscv/lib/gcc/riscv32-unknown-elf/16.1.0/../../../../riscv32-unknown-elf/lib/libc.a(libc_a-readr.o)
 .riscv.attributes
                0x00000000       0x1c /home/fatih/opt/riscv/lib/gcc/riscv32-unknown-elf/16.1.0/../../../../riscv32-unknown-elf/lib/libc.a(libc_a-readr.o)
 .text          0x00000000        0x0 /home/fatih/opt/riscv/lib/gcc/riscv32-unknown-elf/16.1.0/../../../../riscv32-unknown-elf/lib/libc.a(libc_a-sbrkr.o)
 .data          0x00000000        0x0 /home/fatih/opt/riscv/lib/gcc/riscv32-unknown-elf/16.1.0/../../../../riscv32-unknown-elf/lib/libc.a(libc_a-sbrkr.o)
 .bss           0x00000000        0x0 /home/fatih/opt/riscv/lib/gcc/riscv32-unknown-elf/16.1.0/../../../../riscv32-unknown-elf/lib/libc.a(libc_a-sbrkr.o)
 .text._sbrk_r  0x00000000       0x64 /home/fatih/opt/riscv/lib/gcc/riscv32-unknown-elf/16.1.0/../../../../riscv32-unknown-elf/lib/libc.a(libc_a-sbrkr.o)
 .comment       0x00000000       0x13 /home/fatih/opt/riscv/lib/gcc/riscv32-unknown-elf/16.1.0/../../../../riscv32-unknown-elf/lib/libc.a(libc_a-sbrkr.o)
 .note.GNU-stack
                0x00000000        0x0 /home/fatih/opt/riscv/lib/gcc/riscv32-unknown-elf/16.1.0/../../../../riscv32-unknown-elf/lib/libc.a(libc_a-sbrkr.o)
 .riscv.attributes
                0x00000000       0x1c /home/fatih/opt/riscv/lib/gcc/riscv32-unknown-elf/16.1.0/../../../../riscv32-unknown-elf/lib/libc.a(libc_a-sbrkr.o)
 .text          0x00000000        0x0 /home/fatih/opt/riscv/lib/gcc/riscv32-unknown-elf/16.1.0/../../../../riscv32-unknown-elf/lib/libc.a(libc_a-writer.o)
 .data          0x00000000        0x0 /home/fatih/opt/riscv/lib/gcc/riscv32-unknown-elf/16.1.0/../../../../riscv32-unknown-elf/lib/libc.a(libc_a-writer.o)
 .bss           0x00000000        0x0 /home/fatih/opt/riscv/lib/gcc/riscv32-unknown-elf/16.1.0/../../../../riscv32-unknown-elf/lib/libc.a(libc_a-writer.o)
 .text._write_r
                0x00000000       0x70 /home/fatih/opt/riscv/lib/gcc/riscv32-unknown-elf/16.1.0/../../../../riscv32-unknown-elf/lib/libc.a(libc_a-writer.o)
 .comment       0x00000000       0x13 /home/fatih/opt/riscv/lib/gcc/riscv32-unknown-elf/16.1.0/../../../../riscv32-unknown-elf/lib/libc.a(libc_a-writer.o)
 .note.GNU-stack
                0x00000000        0x0 /home/fatih/opt/riscv/lib/gcc/riscv32-unknown-elf/16.1.0/../../../../riscv32-unknown-elf/lib/libc.a(libc_a-writer.o)
 .riscv.attributes
                0x00000000       0x1c /home/fatih/opt/riscv/lib/gcc/riscv32-unknown-elf/16.1.0/../../../../riscv32-unknown-elf/lib/libc.a(libc_a-writer.o)
 .text          0x00000000      0x1a4 /home/fatih/opt/riscv/lib/gcc/riscv32-unknown-elf/16.1.0/../../../../riscv32-unknown-elf/lib/libc.a(libc_a-memset.o)
 .data          0x00000000        0x0 /home/fatih/opt/riscv/lib/gcc/riscv32-unknown-elf/16.1.0/../../../../riscv32-unknown-elf/lib/libc.a(libc_a-memset.o)
 .bss           0x00000000        0x0 /home/fatih/opt/riscv/lib/gcc/riscv32-unknown-elf/16.1.0/../../../../riscv32-unknown-elf/lib/libc.a(libc_a-memset.o)
 .riscv.attributes
                0x00000000       0x1a /home/fatih/opt/riscv/lib/gcc/riscv32-unknown-elf/16.1.0/../../../../riscv32-unknown-elf/lib/libc.a(libc_a-memset.o)
 .text          0x00000000        0x0 /home/fatih/opt/riscv/lib/gcc/riscv32-unknown-elf/16.1.0/../../../../riscv32-unknown-elf/lib/libc.a(libc_a-fclose.o)
 .data          0x00000000        0x0 /home/fatih/opt/riscv/lib/gcc/riscv32-unknown-elf/16.1.0/../../../../riscv32-unknown-elf/lib/libc.a(libc_a-fclose.o)
 .bss           0x00000000        0x0 /home/fatih/opt/riscv/lib/gcc/riscv32-unknown-elf/16.1.0/../../../../riscv32-unknown-elf/lib/libc.a(libc_a-fclose.o)
 .text._fclose_r
                0x00000000      0x138 /home/fatih/opt/riscv/lib/gcc/riscv32-unknown-elf/16.1.0/../../../../riscv32-unknown-elf/lib/libc.a(libc_a-fclose.o)
 .text.fclose   0x00000000       0x14 /home/fatih/opt/riscv/lib/gcc/riscv32-unknown-elf/16.1.0/../../../../riscv32-unknown-elf/lib/libc.a(libc_a-fclose.o)
 .comment       0x00000000       0x13 /home/fatih/opt/riscv/lib/gcc/riscv32-unknown-elf/16.1.0/../../../../riscv32-unknown-elf/lib/libc.a(libc_a-fclose.o)
 .note.GNU-stack
                0x00000000        0x0 /home/fatih/opt/riscv/lib/gcc/riscv32-unknown-elf/16.1.0/../../../../riscv32-unknown-elf/lib/libc.a(libc_a-fclose.o)
 .riscv.attributes
                0x00000000       0x1c /home/fatih/opt/riscv/lib/gcc/riscv32-unknown-elf/16.1.0/../../../../riscv32-unknown-elf/lib/libc.a(libc_a-fclose.o)
 .text          0x00000000        0x0 /home/fatih/opt/riscv/lib/gcc/riscv32-unknown-elf/16.1.0/../../../../riscv32-unknown-elf/lib/libc.a(libc_a-fflush.o)
 .data          0x00000000        0x0 /home/fatih/opt/riscv/lib/gcc/riscv32-unknown-elf/16.1.0/../../../../riscv32-unknown-elf/lib/libc.a(libc_a-fflush.o)
 .bss           0x00000000        0x0 /home/fatih/opt/riscv/lib/gcc/riscv32-unknown-elf/16.1.0/../../../../riscv32-unknown-elf/lib/libc.a(libc_a-fflush.o)
 .text.__sflush_r
                0x00000000      0x280 /home/fatih/opt/riscv/lib/gcc/riscv32-unknown-elf/16.1.0/../../../../riscv32-unknown-elf/lib/libc.a(libc_a-fflush.o)
 .text._fflush_r
                0x00000000       0x78 /home/fatih/opt/riscv/lib/gcc/riscv32-unknown-elf/16.1.0/../../../../riscv32-unknown-elf/lib/libc.a(libc_a-fflush.o)
 .text.fflush   0x00000000       0x9c /home/fatih/opt/riscv/lib/gcc/riscv32-unknown-elf/16.1.0/../../../../riscv32-unknown-elf/lib/libc.a(libc_a-fflush.o)
 .comment       0x00000000       0x13 /home/fatih/opt/riscv/lib/gcc/riscv32-unknown-elf/16.1.0/../../../../riscv32-unknown-elf/lib/libc.a(libc_a-fflush.o)
 .note.GNU-stack
                0x00000000        0x0 /home/fatih/opt/riscv/lib/gcc/riscv32-unknown-elf/16.1.0/../../../../riscv32-unknown-elf/lib/libc.a(libc_a-fflush.o)
 .riscv.attributes
                0x00000000       0x1c /home/fatih/opt/riscv/lib/gcc/riscv32-unknown-elf/16.1.0/../../../../riscv32-unknown-elf/lib/libc.a(libc_a-fflush.o)

Memory Configuration

Name             Origin             Length             Attributes
*default*        0x00000000         0xffffffff

Linker script and memory map

LOAD main.o
LOAD /tmp/cc1WVvrh.ltrans0.ltrans.o
LOAD platform.o
LOAD startup.o
START GROUP
LOAD /home/fatih/opt/riscv/lib/gcc/riscv32-unknown-elf/16.1.0/../../../../riscv32-unknown-elf/lib/libc.a
LOAD /home/fatih/opt/riscv/lib/gcc/riscv32-unknown-elf/16.1.0/libgcc.a
LOAD /home/fatih/opt/riscv/lib/gcc/riscv32-unknown-elf/16.1.0/../../../../riscv32-unknown-elf/lib/libnosys.a
END GROUP
LOAD /home/fatih/opt/riscv/lib/gcc/riscv32-unknown-elf/16.1.0/libgcc.a
START GROUP
LOAD /home/fatih/opt/riscv/lib/gcc/riscv32-unknown-elf/16.1.0/../../../../riscv32-unknown-elf/lib/libc.a
LOAD /home/fatih/opt/riscv/lib/gcc/riscv32-unknown-elf/16.1.0/../../../../riscv32-unknown-elf/lib/libgloss.a
END GROUP
LOAD /home/fatih/opt/riscv/lib/gcc/riscv32-unknown-elf/16.1.0/libgcc.a
                0x00000000                        . = 0x0

.text           0x00000000       0xa4
 *(.init)
 .init          0x00000000       0x30 startup.o
                0x00000000                start
 *(.text*)
 .text.startup  0x00000030       0x74 /tmp/cc1WVvrh.ltrans0.ltrans.o
                0x00000030                main

.bss            0x000000a4      0x800
                0x000000a4                        PROVIDE (bss_start = .)
 *(.bss*)
                0x000004a4                        . = (. + 0x400)
 *fill*         0x000000a4      0x400 
                0x000004a4                        PROVIDE (stack_top = .)
                0x000008a4                        . = (. + 0x400)
 *fill*         0x000004a4      0x400 
                0x000008a4                        PROVIDE (__global_pointer$ = .)
                0x000008a4                        PROVIDE (bss_end = .)

.rodata         0x000008a4      0x103
 *(.rodata*)
 .rodata.str1.4
                0x000008a4      0x103 /tmp/cc1WVvrh.ltrans0.ltrans.o

.rela.dyn       0x000009a8        0x0
 .rela.init     0x000009a8        0x0 startup.o

.data
 *(.data*)
                0x000009a7                        PROVIDE (_end = .)
OUTPUT(main.elf elf32-littleriscv)

.comment        0x00000000       0x19
 .comment       0x00000000       0x19 /tmp/cc1WVvrh.ltrans0.ltrans.o
                                 0x1a (size before relaxing)

.note.GNU-stack
                0x00000000        0x0
 .note.GNU-stack
                0x00000000        0x0 /tmp/cc1WVvrh.ltrans0.ltrans.o

.riscv.attributes
                0x00000000       0x1c
 .riscv.attributes
                0x00000000       0x1c /tmp/cc1WVvrh.ltrans0.ltrans.o
 .riscv.attributes
                0x0000001c       0x1a startup.o

Cross Reference Table

Symbol                                            File
HAL_uart_getc                                     platform.o (symbol from plugin)
HAL_uart_init                                     platform.o (symbol from plugin)
                                                  main.o (symbol from plugin)
HAL_uart_putc                                     platform.o (symbol from plugin)
__fp_lock_all                                     /home/fatih/opt/riscv/lib/gcc/riscv32-unknown-elf/16.1.0/../../../../riscv32-unknown-elf/lib/libc.a(libc_a-findfp.o)
__fp_unlock_all                                   /home/fatih/opt/riscv/lib/gcc/riscv32-unknown-elf/16.1.0/../../../../riscv32-unknown-elf/lib/libc.a(libc_a-findfp.o)
__global_pointer$                                 startup.o
__malloc_av_                                      /home/fatih/opt/riscv/lib/gcc/riscv32-unknown-elf/16.1.0/../../../../riscv32-unknown-elf/lib/libc.a(libc_a-mallocr.o)
                                                  /home/fatih/opt/riscv/lib/gcc/riscv32-unknown-elf/16.1.0/../../../../riscv32-unknown-elf/lib/libc.a(libc_a-freer.o)
__malloc_current_mallinfo                         /home/fatih/opt/riscv/lib/gcc/riscv32-unknown-elf/16.1.0/../../../../riscv32-unknown-elf/lib/libc.a(libc_a-mallocr.o)
                                                  /home/fatih/opt/riscv/lib/gcc/riscv32-unknown-elf/16.1.0/../../../../riscv32-unknown-elf/lib/libc.a(libc_a-freer.o)
__malloc_lock                                     /home/fatih/opt/riscv/lib/gcc/riscv32-unknown-elf/16.1.0/../../../../riscv32-unknown-elf/lib/libc.a(libc_a-mlock.o)
                                                  /home/fatih/opt/riscv/lib/gcc/riscv32-unknown-elf/16.1.0/../../../../riscv32-unknown-elf/lib/libc.a(libc_a-mallocr.o)
                                                  /home/fatih/opt/riscv/lib/gcc/riscv32-unknown-elf/16.1.0/../../../../riscv32-unknown-elf/lib/libc.a(libc_a-freer.o)
__malloc_max_sbrked_mem                           /home/fatih/opt/riscv/lib/gcc/riscv32-unknown-elf/16.1.0/../../../../riscv32-unknown-elf/lib/libc.a(libc_a-mallocr.o)
__malloc_max_total_mem                            /home/fatih/opt/riscv/lib/gcc/riscv32-unknown-elf/16.1.0/../../../../riscv32-unknown-elf/lib/libc.a(libc_a-mallocr.o)
__malloc_sbrk_base                                /home/fatih/opt/riscv/lib/gcc/riscv32-unknown-elf/16.1.0/../../../../riscv32-unknown-elf/lib/libc.a(libc_a-mallocr.o)
                                                  /home/fatih/opt/riscv/lib/gcc/riscv32-unknown-elf/16.1.0/../../../../riscv32-unknown-elf/lib/libc.a(libc_a-freer.o)
__malloc_top_pad                                  /home/fatih/opt/riscv/lib/gcc/riscv32-unknown-elf/16.1.0/../../../../riscv32-unknown-elf/lib/libc.a(libc_a-mallocr.o)
                                                  /home/fatih/opt/riscv/lib/gcc/riscv32-unknown-elf/16.1.0/../../../../riscv32-unknown-elf/lib/libc.a(libc_a-freer.o)
__malloc_trim_threshold                           /home/fatih/opt/riscv/lib/gcc/riscv32-unknown-elf/16.1.0/../../../../riscv32-unknown-elf/lib/libc.a(libc_a-mallocr.o)
                                                  /home/fatih/opt/riscv/lib/gcc/riscv32-unknown-elf/16.1.0/../../../../riscv32-unknown-elf/lib/libc.a(libc_a-freer.o)
__malloc_unlock                                   /home/fatih/opt/riscv/lib/gcc/riscv32-unknown-elf/16.1.0/../../../../riscv32-unknown-elf/lib/libc.a(libc_a-mlock.o)
                                                  /home/fatih/opt/riscv/lib/gcc/riscv32-unknown-elf/16.1.0/../../../../riscv32-unknown-elf/lib/libc.a(libc_a-mallocr.o)
                                                  /home/fatih/opt/riscv/lib/gcc/riscv32-unknown-elf/16.1.0/../../../../riscv32-unknown-elf/lib/libc.a(libc_a-freer.o)
__sclose                                          /home/fatih/opt/riscv/lib/gcc/riscv32-unknown-elf/16.1.0/../../../../riscv32-unknown-elf/lib/libc.a(libc_a-stdio.o)
                                                  /home/fatih/opt/riscv/lib/gcc/riscv32-unknown-elf/16.1.0/../../../../riscv32-unknown-elf/lib/libc.a(libc_a-findfp.o)
__seofread                                        /home/fatih/opt/riscv/lib/gcc/riscv32-unknown-elf/16.1.0/../../../../riscv32-unknown-elf/lib/libc.a(libc_a-stdio.o)
__sf                                              /home/fatih/opt/riscv/lib/gcc/riscv32-unknown-elf/16.1.0/../../../../riscv32-unknown-elf/lib/libc.a(libc_a-findfp.o)
                                                  /home/fatih/opt/riscv/lib/gcc/riscv32-unknown-elf/16.1.0/../../../../riscv32-unknown-elf/lib/libc.a(libc_a-impure.o)
__sflush_r                                        /home/fatih/opt/riscv/lib/gcc/riscv32-unknown-elf/16.1.0/../../../../riscv32-unknown-elf/lib/libc.a(libc_a-fflush.o)
                                                  /home/fatih/opt/riscv/lib/gcc/riscv32-unknown-elf/16.1.0/../../../../riscv32-unknown-elf/lib/libc.a(libc_a-fclose.o)
__sfp                                             /home/fatih/opt/riscv/lib/gcc/riscv32-unknown-elf/16.1.0/../../../../riscv32-unknown-elf/lib/libc.a(libc_a-findfp.o)
__sfp_lock_acquire                                /home/fatih/opt/riscv/lib/gcc/riscv32-unknown-elf/16.1.0/../../../../riscv32-unknown-elf/lib/libc.a(libc_a-findfp.o)
                                                  /home/fatih/opt/riscv/lib/gcc/riscv32-unknown-elf/16.1.0/../../../../riscv32-unknown-elf/lib/libc.a(libc_a-fclose.o)
__sfp_lock_release                                /home/fatih/opt/riscv/lib/gcc/riscv32-unknown-elf/16.1.0/../../../../riscv32-unknown-elf/lib/libc.a(libc_a-findfp.o)
                                                  /home/fatih/opt/riscv/lib/gcc/riscv32-unknown-elf/16.1.0/../../../../riscv32-unknown-elf/lib/libc.a(libc_a-fclose.o)
__sglue                                           /home/fatih/opt/riscv/lib/gcc/riscv32-unknown-elf/16.1.0/../../../../riscv32-unknown-elf/lib/libc.a(libc_a-findfp.o)
                                                  /home/fatih/opt/riscv/lib/gcc/riscv32-unknown-elf/16.1.0/../../../../riscv32-unknown-elf/lib/libc.a(libc_a-fflush.o)
__sinit                                           /home/fatih/opt/riscv/lib/gcc/riscv32-unknown-elf/16.1.0/../../../../riscv32-unknown-elf/lib/libc.a(libc_a-findfp.o)
                                                  /home/fatih/opt/riscv/lib/gcc/riscv32-unknown-elf/16.1.0/../../../../riscv32-unknown-elf/lib/libc.a(libc_a-fflush.o)
                                                  /home/fatih/opt/riscv/lib/gcc/riscv32-unknown-elf/16.1.0/../../../../riscv32-unknown-elf/lib/libc.a(libc_a-fclose.o)
__sread                                           /home/fatih/opt/riscv/lib/gcc/riscv32-unknown-elf/16.1.0/../../../../riscv32-unknown-elf/lib/libc.a(libc_a-stdio.o)
                                                  /home/fatih/opt/riscv/lib/gcc/riscv32-unknown-elf/16.1.0/../../../../riscv32-unknown-elf/lib/libc.a(libc_a-findfp.o)
__sseek                                           /home/fatih/opt/riscv/lib/gcc/riscv32-unknown-elf/16.1.0/../../../../riscv32-unknown-elf/lib/libc.a(libc_a-stdio.o)
                                                  /home/fatih/opt/riscv/lib/gcc/riscv32-unknown-elf/16.1.0/../../../../riscv32-unknown-elf/lib/libc.a(libc_a-findfp.o)
__stdio_exit_handler                              /home/fatih/opt/riscv/lib/gcc/riscv32-unknown-elf/16.1.0/../../../../riscv32-unknown-elf/lib/libc.a(libc_a-findfp.o)
__swrite                                          /home/fatih/opt/riscv/lib/gcc/riscv32-unknown-elf/16.1.0/../../../../riscv32-unknown-elf/lib/libc.a(libc_a-stdio.o)
                                                  /home/fatih/opt/riscv/lib/gcc/riscv32-unknown-elf/16.1.0/../../../../riscv32-unknown-elf/lib/libc.a(libc_a-findfp.o)
_close                                            /tmp/cc1WVvrh.ltrans0.ltrans.o
                                                  platform.o (symbol from plugin)
                                                  /home/fatih/opt/riscv/lib/gcc/riscv32-unknown-elf/16.1.0/../../../../riscv32-unknown-elf/lib/libc.a(libc_a-closer.o)
_close_r                                          /home/fatih/opt/riscv/lib/gcc/riscv32-unknown-elf/16.1.0/../../../../riscv32-unknown-elf/lib/libc.a(libc_a-closer.o)
                                                  /home/fatih/opt/riscv/lib/gcc/riscv32-unknown-elf/16.1.0/../../../../riscv32-unknown-elf/lib/libc.a(libc_a-stdio.o)
_end                                              /tmp/cc1WVvrh.ltrans0.ltrans.o
                                                  platform.o (symbol from plugin)
_execve                                           platform.o (symbol from plugin)
_fclose_r                                         /home/fatih/opt/riscv/lib/gcc/riscv32-unknown-elf/16.1.0/../../../../riscv32-unknown-elf/lib/libc.a(libc_a-fclose.o)
                                                  /home/fatih/opt/riscv/lib/gcc/riscv32-unknown-elf/16.1.0/../../../../riscv32-unknown-elf/lib/libc.a(libc_a-findfp.o)
_fflush_r                                         /home/fatih/opt/riscv/lib/gcc/riscv32-unknown-elf/16.1.0/../../../../riscv32-unknown-elf/lib/libc.a(libc_a-fflush.o)
_fork                                             platform.o (symbol from plugin)
_free_r                                           /home/fatih/opt/riscv/lib/gcc/riscv32-unknown-elf/16.1.0/../../../../riscv32-unknown-elf/lib/libc.a(libc_a-freer.o)
                                                  /home/fatih/opt/riscv/lib/gcc/riscv32-unknown-elf/16.1.0/../../../../riscv32-unknown-elf/lib/libc.a(libc_a-fflush.o)
                                                  /home/fatih/opt/riscv/lib/gcc/riscv32-unknown-elf/16.1.0/../../../../riscv32-unknown-elf/lib/libc.a(libc_a-fclose.o)
                                                  /home/fatih/opt/riscv/lib/gcc/riscv32-unknown-elf/16.1.0/../../../../riscv32-unknown-elf/lib/libc.a(libc_a-mallocr.o)
                                                  /home/fatih/opt/riscv/lib/gcc/riscv32-unknown-elf/16.1.0/../../../../riscv32-unknown-elf/lib/libc.a(libc_a-reent.o)
_fstat                                            platform.o (symbol from plugin)
_fwalk_sglue                                      /home/fatih/opt/riscv/lib/gcc/riscv32-unknown-elf/16.1.0/../../../../riscv32-unknown-elf/lib/libc.a(libc_a-fwalk.o)
                                                  /home/fatih/opt/riscv/lib/gcc/riscv32-unknown-elf/16.1.0/../../../../riscv32-unknown-elf/lib/libc.a(libc_a-fflush.o)
                                                  /home/fatih/opt/riscv/lib/gcc/riscv32-unknown-elf/16.1.0/../../../../riscv32-unknown-elf/lib/libc.a(libc_a-findfp.o)
_getpid                                           platform.o (symbol from plugin)
_impure_data                                      /home/fatih/opt/riscv/lib/gcc/riscv32-unknown-elf/16.1.0/../../../../riscv32-unknown-elf/lib/libc.a(libc_a-impure.o)
                                                  /home/fatih/opt/riscv/lib/gcc/riscv32-unknown-elf/16.1.0/../../../../riscv32-unknown-elf/lib/libc.a(libc_a-fflush.o)
                                                  /home/fatih/opt/riscv/lib/gcc/riscv32-unknown-elf/16.1.0/../../../../riscv32-unknown-elf/lib/libc.a(libc_a-findfp.o)
_impure_ptr                                       /home/fatih/opt/riscv/lib/gcc/riscv32-unknown-elf/16.1.0/../../../../riscv32-unknown-elf/lib/libc.a(libc_a-impure.o)
                                                  /home/fatih/opt/riscv/lib/gcc/riscv32-unknown-elf/16.1.0/../../../../riscv32-unknown-elf/lib/libc.a(libc_a-fflush.o)
                                                  /home/fatih/opt/riscv/lib/gcc/riscv32-unknown-elf/16.1.0/../../../../riscv32-unknown-elf/lib/libc.a(libc_a-fclose.o)
                                                  /home/fatih/opt/riscv/lib/gcc/riscv32-unknown-elf/16.1.0/../../../../riscv32-unknown-elf/lib/libc.a(libc_a-reent.o)
_isatty                                           platform.o (symbol from plugin)
_kill                                             platform.o (symbol from plugin)
_link                                             platform.o (symbol from plugin)
_lseek                                            /tmp/cc1WVvrh.ltrans0.ltrans.o
                                                  platform.o (symbol from plugin)
                                                  /home/fatih/opt/riscv/lib/gcc/riscv32-unknown-elf/16.1.0/../../../../riscv32-unknown-elf/lib/libc.a(libc_a-lseekr.o)
_lseek_r                                          /home/fatih/opt/riscv/lib/gcc/riscv32-unknown-elf/16.1.0/../../../../riscv32-unknown-elf/lib/libc.a(libc_a-lseekr.o)
                                                  /home/fatih/opt/riscv/lib/gcc/riscv32-unknown-elf/16.1.0/../../../../riscv32-unknown-elf/lib/libc.a(libc_a-stdio.o)
_malloc_r                                         /home/fatih/opt/riscv/lib/gcc/riscv32-unknown-elf/16.1.0/../../../../riscv32-unknown-elf/lib/libc.a(libc_a-mallocr.o)
                                                  /home/fatih/opt/riscv/lib/gcc/riscv32-unknown-elf/16.1.0/../../../../riscv32-unknown-elf/lib/libc.a(libc_a-findfp.o)
_malloc_trim_r                                    /home/fatih/opt/riscv/lib/gcc/riscv32-unknown-elf/16.1.0/../../../../riscv32-unknown-elf/lib/libc.a(libc_a-freer.o)
_open                                             platform.o (symbol from plugin)
_read                                             /tmp/cc1WVvrh.ltrans0.ltrans.o
                                                  platform.o (symbol from plugin)
                                                  /home/fatih/opt/riscv/lib/gcc/riscv32-unknown-elf/16.1.0/../../../../riscv32-unknown-elf/lib/libc.a(libc_a-readr.o)
_read_r                                           /home/fatih/opt/riscv/lib/gcc/riscv32-unknown-elf/16.1.0/../../../../riscv32-unknown-elf/lib/libc.a(libc_a-readr.o)
                                                  /home/fatih/opt/riscv/lib/gcc/riscv32-unknown-elf/16.1.0/../../../../riscv32-unknown-elf/lib/libc.a(libc_a-stdio.o)
_reclaim_reent                                    /home/fatih/opt/riscv/lib/gcc/riscv32-unknown-elf/16.1.0/../../../../riscv32-unknown-elf/lib/libc.a(libc_a-reent.o)
_sbrk                                             /tmp/cc1WVvrh.ltrans0.ltrans.o
                                                  platform.o (symbol from plugin)
                                                  /home/fatih/opt/riscv/lib/gcc/riscv32-unknown-elf/16.1.0/../../../../riscv32-unknown-elf/lib/libc.a(libc_a-sbrkr.o)
_sbrk_r                                           /home/fatih/opt/riscv/lib/gcc/riscv32-unknown-elf/16.1.0/../../../../riscv32-unknown-elf/lib/libc.a(libc_a-sbrkr.o)
                                                  /home/fatih/opt/riscv/lib/gcc/riscv32-unknown-elf/16.1.0/../../../../riscv32-unknown-elf/lib/libc.a(libc_a-mallocr.o)
                                                  /home/fatih/opt/riscv/lib/gcc/riscv32-unknown-elf/16.1.0/../../../../riscv32-unknown-elf/lib/libc.a(libc_a-freer.o)
_stat                                             platform.o (symbol from plugin)
_times                                            platform.o (symbol from plugin)
_unlink                                           platform.o (symbol from plugin)
_wait                                             platform.o (symbol from plugin)
_write                                            /tmp/cc1WVvrh.ltrans0.ltrans.o
                                                  platform.o (symbol from plugin)
                                                  /home/fatih/opt/riscv/lib/gcc/riscv32-unknown-elf/16.1.0/../../../../riscv32-unknown-elf/lib/libc.a(libc_a-writer.o)
_write_r                                          /home/fatih/opt/riscv/lib/gcc/riscv32-unknown-elf/16.1.0/../../../../riscv32-unknown-elf/lib/libc.a(libc_a-writer.o)
                                                  /home/fatih/opt/riscv/lib/gcc/riscv32-unknown-elf/16.1.0/../../../../riscv32-unknown-elf/lib/libc.a(libc_a-stdio.o)
bss_end                                           startup.o
bss_start                                         startup.o
errno                                             /home/fatih/opt/riscv/lib/gcc/riscv32-unknown-elf/16.1.0/../../../../riscv32-unknown-elf/lib/libc.a(libc_a-reent.o)
                                                  /home/fatih/opt/riscv/lib/gcc/riscv32-unknown-elf/16.1.0/../../../../riscv32-unknown-elf/lib/libc.a(libc_a-writer.o)
                                                  /home/fatih/opt/riscv/lib/gcc/riscv32-unknown-elf/16.1.0/../../../../riscv32-unknown-elf/lib/libc.a(libc_a-sbrkr.o)
                                                  /home/fatih/opt/riscv/lib/gcc/riscv32-unknown-elf/16.1.0/../../../../riscv32-unknown-elf/lib/libc.a(libc_a-readr.o)
                                                  /home/fatih/opt/riscv/lib/gcc/riscv32-unknown-elf/16.1.0/../../../../riscv32-unknown-elf/lib/libc.a(libc_a-lseekr.o)
                                                  /home/fatih/opt/riscv/lib/gcc/riscv32-unknown-elf/16.1.0/../../../../riscv32-unknown-elf/lib/libc.a(libc_a-closer.o)
                                                  platform.o (symbol from plugin)
fclose                                            /home/fatih/opt/riscv/lib/gcc/riscv32-unknown-elf/16.1.0/../../../../riscv32-unknown-elf/lib/libc.a(libc_a-fclose.o)
fflush                                            /home/fatih/opt/riscv/lib/gcc/riscv32-unknown-elf/16.1.0/../../../../riscv32-unknown-elf/lib/libc.a(libc_a-fflush.o)
main                                              /tmp/cc1WVvrh.ltrans0.ltrans.o
                                                  main.o (symbol from plugin)
                                                  startup.o
memset                                            /home/fatih/opt/riscv/lib/gcc/riscv32-unknown-elf/16.1.0/../../../../riscv32-unknown-elf/lib/libc.a(libc_a-memset.o)
                                                  /home/fatih/opt/riscv/lib/gcc/riscv32-unknown-elf/16.1.0/../../../../riscv32-unknown-elf/lib/libc.a(libc_a-findfp.o)
msg                                               main.o (symbol from plugin)
outbyte                                           platform.o (symbol from plugin)
                                                  main.o (symbol from plugin)
puts_                                             main.o (symbol from plugin)
spGpio0                                           main.o (symbol from plugin)
stack_top                                         startup.o
start                                             startup.o
usleep                                            platform.o (symbol from plugin)
                                                  main.o (symbol from plugin)
