Flow report for project_template
Sat Aug  1 23:23:39 2026
Quartus Prime Version 25.1std.0 Build 1129 10/21/2025 Patches 0.02std SC Lite Edition


---------------------
; Table of Contents ;
---------------------
  1. Legal Notice
  2. Flow Summary
  3. Flow Settings
  4. Flow Non-Default Global Settings
  5. Flow Elapsed Time
  6. Flow OS Summary
  7. Flow Log
  8. Flow Messages
  9. Flow Suppressed Messages



----------------
; Legal Notice ;
----------------
Copyright (C) 2025  Altera Corporation. All rights reserved.
Your use of Altera Corporation's design tools, logic functions 
and other software and tools, and any partner logic 
functions, and any output files from any of the foregoing 
(including device programming or simulation files), and any 
associated documentation or information are expressly subject 
to the terms and conditions of the Altera Program License 
Subscription Agreement, the Altera Quartus Prime License Agreement,
the Altera IP License Agreement, or other applicable license
agreement, including, without limitation, that your use is for
the sole purpose of programming logic devices manufactured by
Altera and sold by Altera or its authorized distributors.  Please
refer to the Altera Software License Subscription Agreements 
on the Quartus Prime software download page.



+------------------------------------------------------------------------------------------------------+
; Flow Summary                                                                                         ;
+------------------------------------+-----------------------------------------------------------------+
; Flow Status                        ; Successful - Sat Aug  1 23:23:35 2026                           ;
; Quartus Prime Version              ; 25.1std.0 Build 1129 10/21/2025 Patches 0.02std SC Lite Edition ;
; Revision Name                      ; project_template                                                ;
; Top-level Entity Name              ; top                                                             ;
; Family                             ; MAX 10                                                          ;
; Device                             ; 10M08SAU169C8GES                                                ;
; Timing Models                      ; Preliminary                                                     ;
; Total logic elements               ; 2,599 / 8,064 ( 32 % )                                          ;
;     Total combinational functions  ; 2,582 / 8,064 ( 32 % )                                          ;
;     Dedicated logic registers      ; 1,260 / 8,064 ( 16 % )                                          ;
; Total registers                    ; 1260                                                            ;
; Total pins                         ; 50 / 130 ( 38 % )                                               ;
; Total virtual pins                 ; 0                                                               ;
; Total memory bits                  ; 32,768 / 387,072 ( 8 % )                                        ;
; Embedded Multiplier 9-bit elements ; 0 / 48 ( 0 % )                                                  ;
; Total PLLs                         ; 1 / 1 ( 100 % )                                                 ;
; UFM blocks                         ; 0 / 1 ( 0 % )                                                   ;
; ADC blocks                         ; 0 / 1 ( 0 % )                                                   ;
+------------------------------------+-----------------------------------------------------------------+


+-----------------------------------------+
; Flow Settings                           ;
+-------------------+---------------------+
; Option            ; Setting             ;
+-------------------+---------------------+
; Start date & time ; 08/01/2026 23:23:03 ;
; Main task         ; Compilation         ;
; Revision Name     ; project_template    ;
+-------------------+---------------------+


+----------------------------------------------------------------------------------------------------------------------------+
; Flow Non-Default Global Settings                                                                                           ;
+-------------------------------------+----------------------------------------+------------------+-------------+------------+
; Assignment Name                     ; Value                                  ; Default Value    ; Entity Name ; Section Id ;
+-------------------------------------+----------------------------------------+------------------+-------------+------------+
; COMPILER_SIGNATURE_ID               ; 10995770589191.178561578314136         ; --               ; --          ; --         ;
; ENABLE_SIGNALTAP                    ; Off                                    ; --               ; --          ; --         ;
; FLOW_ENABLE_POWER_ANALYZER          ; On                                     ; Off              ; --          ; --         ;
; MAX_CORE_JUNCTION_TEMP              ; 85                                     ; --               ; --          ; --         ;
; MIN_CORE_JUNCTION_TEMP              ; 0                                      ; --               ; --          ; --         ;
; MISC_FILE                           ; pll1.cmp                               ; --               ; --          ; --         ;
; MISC_FILE                           ; pll1.ppf                               ; --               ; --          ; --         ;
; OUTPUT_IO_TIMING_FAR_END_VMEAS      ; Half Signal Swing                      ; --               ; --          ; --         ;
; OUTPUT_IO_TIMING_FAR_END_VMEAS      ; Half Signal Swing                      ; --               ; --          ; --         ;
; OUTPUT_IO_TIMING_NEAR_END_VMEAS     ; Half Vccio                             ; --               ; --          ; --         ;
; OUTPUT_IO_TIMING_NEAR_END_VMEAS     ; Half Vccio                             ; --               ; --          ; --         ;
; PARTITION_COLOR                     ; -- (Not supported for targeted family) ; --               ; top         ; Top        ;
; PARTITION_FITTER_PRESERVATION_LEVEL ; -- (Not supported for targeted family) ; --               ; top         ; Top        ;
; PARTITION_NETLIST_TYPE              ; -- (Not supported for targeted family) ; --               ; top         ; Top        ;
; POWER_BOARD_THERMAL_MODEL           ; None (CONSERVATIVE)                    ; --               ; --          ; --         ;
; POWER_DEFAULT_INPUT_IO_TOGGLE_RATE  ; 12.5 %                                 ; 12.5%            ; --          ; --         ;
; POWER_PRESET_COOLING_SOLUTION       ; 23 MM HEAT SINK WITH 200 LFPM AIRFLOW  ; --               ; --          ; --         ;
; PROJECT_OUTPUT_DIRECTORY            ; output_files                           ; --               ; --          ; --         ;
; TOP_LEVEL_ENTITY                    ; top                                    ; project_template ; --          ; --         ;
; USE_SIGNALTAP_FILE                  ; stp2.stp                               ; --               ; --          ; --         ;
+-------------------------------------+----------------------------------------+------------------+-------------+------------+


+--------------------------------------------------------------------------------------------------------------------------+
; Flow Elapsed Time                                                                                                        ;
+----------------------+--------------+-------------------------+---------------------+------------------------------------+
; Module Name          ; Elapsed Time ; Average Processors Used ; Peak Virtual Memory ; Total CPU Time (on all processors) ;
+----------------------+--------------+-------------------------+---------------------+------------------------------------+
; Analysis & Synthesis ; 00:00:14     ; 1.0                     ; 4854 MB             ; 00:00:23                           ;
; Fitter               ; 00:00:10     ; 1.6                     ; 5731 MB             ; 00:00:18                           ;
; Assembler            ; 00:00:01     ; 1.0                     ; 4703 MB             ; 00:00:01                           ;
; Power Analyzer       ; 00:00:03     ; 2.0                     ; 4891 MB             ; 00:00:06                           ;
; Timing Analyzer      ; 00:00:03     ; 2.2                     ; 4856 MB             ; 00:00:06                           ;
; Total                ; 00:00:31     ; --                      ; --                  ; 00:00:54                           ;
+----------------------+--------------+-------------------------+---------------------+------------------------------------+


+------------------------------------------------------------------------------------+
; Flow OS Summary                                                                    ;
+----------------------+------------------+------------+------------+----------------+
; Module Name          ; Machine Hostname ; OS Name    ; OS Version ; Processor type ;
+----------------------+------------------+------------+------------+----------------+
; Analysis & Synthesis ; DESKTOP-DRU85AB  ; Windows 10 ; 10.0       ; x86_64         ;
; Fitter               ; DESKTOP-DRU85AB  ; Windows 10 ; 10.0       ; x86_64         ;
; Assembler            ; DESKTOP-DRU85AB  ; Windows 10 ; 10.0       ; x86_64         ;
; Power Analyzer       ; DESKTOP-DRU85AB  ; Windows 10 ; 10.0       ; x86_64         ;
; Timing Analyzer      ; DESKTOP-DRU85AB  ; Windows 10 ; 10.0       ; x86_64         ;
+----------------------+------------------+------------+------------+----------------+


------------
; Flow Log ;
------------
quartus_map --read_settings_files=on --write_settings_files=off max1k-cpu -c project_template
quartus_fit --read_settings_files=off --write_settings_files=off max1k-cpu -c project_template
quartus_asm --read_settings_files=off --write_settings_files=off max1k-cpu -c project_template
quartus_pow --read_settings_files=off --write_settings_files=off max1k-cpu -c project_template
quartus_sta max1k-cpu -c project_template



