------------------------------------------------------------
Timing Analyzer Summary
------------------------------------------------------------

Type  : Slow 1200mV 85C Model Setup 'U_PLL1|altpll_component|auto_generated|pll1|clk[0]'
Slack : 2.477
TNS   : 0.000

Type  : Slow 1200mV 85C Model Hold 'U_PLL1|altpll_component|auto_generated|pll1|clk[0]'
Slack : 0.314
TNS   : 0.000

Type  : Slow 1200mV 85C Model Minimum Pulse Width 'SDRAM_CLK'
Slack : 2.416
TNS   : 0.000

Type  : Slow 1200mV 85C Model Minimum Pulse Width 'U_PLL1|altpll_component|auto_generated|pll1|clk[0]'
Slack : 9.670
TNS   : 0.000

Type  : Slow 1200mV 85C Model Minimum Pulse Width 'CLK12M'
Slack : 41.516
TNS   : 0.000

Type  : Slow 1200mV 0C Model Setup 'U_PLL1|altpll_component|auto_generated|pll1|clk[0]'
Slack : 3.082
TNS   : 0.000

Type  : Slow 1200mV 0C Model Hold 'U_PLL1|altpll_component|auto_generated|pll1|clk[0]'
Slack : 0.281
TNS   : 0.000

Type  : Slow 1200mV 0C Model Minimum Pulse Width 'SDRAM_CLK'
Slack : 2.416
TNS   : 0.000

Type  : Slow 1200mV 0C Model Minimum Pulse Width 'U_PLL1|altpll_component|auto_generated|pll1|clk[0]'
Slack : 9.681
TNS   : 0.000

Type  : Slow 1200mV 0C Model Minimum Pulse Width 'CLK12M'
Slack : 41.516
TNS   : 0.000

Type  : Fast 1200mV 0C Model Setup 'U_PLL1|altpll_component|auto_generated|pll1|clk[0]'
Slack : 13.103
TNS   : 0.000

Type  : Fast 1200mV 0C Model Hold 'U_PLL1|altpll_component|auto_generated|pll1|clk[0]'
Slack : 0.100
TNS   : 0.000

Type  : Fast 1200mV 0C Model Minimum Pulse Width 'SDRAM_CLK'
Slack : 2.416
TNS   : 0.000

Type  : Fast 1200mV 0C Model Minimum Pulse Width 'U_PLL1|altpll_component|auto_generated|pll1|clk[0]'
Slack : 9.719
TNS   : 0.000

Type  : Fast 1200mV 0C Model Minimum Pulse Width 'CLK12M'
Slack : 41.170
TNS   : 0.000

------------------------------------------------------------
