Power Analyzer report for project_template
Mon Aug  3 21:37:17 2026
Quartus Prime Version 25.1std.0 Build 1129 10/21/2025 Patches 0.02std SC Lite Edition


---------------------
; Table of Contents ;
---------------------
  1. Legal Notice
  2. Parallel Compilation
  3. Power Analyzer Summary
  4. Power Analyzer Settings
  5. Indeterminate Toggle Rates
  6. Operating Conditions Used
  7. Thermal Power Dissipation by Block
  8. Thermal Power Dissipation by Block Type
  9. Thermal Power Dissipation by Hierarchy
 10. Core Dynamic Thermal Power Dissipation by Clock Domain
 11. Current Drawn from Voltage Supplies Summary
 12. VCCIO Supply Current Drawn by I/O Bank
 13. VCCIO Supply Current Drawn by Voltage
 14. Confidence Metric Details
 15. Signal Activities
 16. Power Analyzer Messages



----------------
; Legal Notice ;
----------------
Copyright (C) 2025  Altera Corporation. All rights reserved.
Your use of Altera Corporation's design tools, logic functions 
and other software and tools, and any partner logic 
functions, and any output files from any of the foregoing 
(including device programming or simulation files), and any 
associated documentation or information are expressly subject 
to the terms and conditions of the Altera Program License 
Subscription Agreement, the Altera Quartus Prime License Agreement,
the Altera IP License Agreement, or other applicable license
agreement, including, without limitation, that your use is for
the sole purpose of programming logic devices manufactured by
Altera and sold by Altera or its authorized distributors.  Please
refer to the Altera Software License Subscription Agreements 
on the Quartus Prime software download page.



+------------------------------------------+
; Parallel Compilation                     ;
+----------------------------+-------------+
; Processors                 ; Number      ;
+----------------------------+-------------+
; Number detected on machine ; 12          ;
; Maximum allowed            ; 6           ;
;                            ;             ;
; Average used               ; 2.13        ;
; Maximum used               ; 6           ;
;                            ;             ;
; Usage by Processor         ; % Time Used ;
;     Processor 1            ; 100.0%      ;
;     Processors 2-6         ;  22.6%      ;
+----------------------------+-------------+


+----------------------------------------------------------------------------------------------------------+
; Power Analyzer Summary                                                                                   ;
+----------------------------------------+-----------------------------------------------------------------+
; Power Analyzer Status                  ; Successful - Mon Aug  3 21:37:17 2026                           ;
; Quartus Prime Version                  ; 25.1std.0 Build 1129 10/21/2025 Patches 0.02std SC Lite Edition ;
; Revision Name                          ; project_template                                                ;
; Top-level Entity Name                  ; top                                                             ;
; Family                                 ; MAX 10                                                          ;
; Device                                 ; 10M08SAU169C8GES                                                ;
; Power Models                           ; Final                                                           ;
; Total Thermal Power Dissipation        ; 251.10 mW                                                       ;
; Core Dynamic Thermal Power Dissipation ; 79.81 mW                                                        ;
; Core Static Thermal Power Dissipation  ; 121.41 mW                                                       ;
; I/O Thermal Power Dissipation          ; 49.88 mW                                                        ;
; Power Estimation Confidence            ; Low: user provided insufficient toggle rate data                ;
+----------------------------------------+-----------------------------------------------------------------+


+--------------------------------------------------------------------------------------------------------------------------+
; Power Analyzer Settings                                                                                                  ;
+------------------------------------------------------------------+---------------------------------------+---------------+
; Option                                                           ; Setting                               ; Default Value ;
+------------------------------------------------------------------+---------------------------------------+---------------+
; Use smart compilation                                            ; Off                                   ; Off           ;
; Enable parallel Assembler and Timing Analyzer during compilation ; On                                    ; On            ;
; Enable compact report table                                      ; Off                                   ; Off           ;
; Default Power Input I/O Toggle Rate                              ; 12.5%                                 ; 12.5%         ;
; Preset Cooling Solution                                          ; 23 MM HEAT SINK WITH 200 LFPM AIRFLOW ;               ;
; Board thermal model                                              ; None (CONSERVATIVE)                   ;               ;
; Default Power Toggle Rate                                        ; 12.5%                                 ; 12.5%         ;
; Use vectorless estimation                                        ; On                                    ; On            ;
; Use Input Files                                                  ; Off                                   ; Off           ;
; Filter Glitches in VCD File Reader                               ; On                                    ; On            ;
; Power Analyzer Report Signal Activity                            ; Off                                   ; Off           ;
; Power Analyzer Report Power Dissipation                          ; Off                                   ; Off           ;
; Device Power Characteristics                                     ; TYPICAL                               ; TYPICAL       ;
; Automatically Compute Junction Temperature                       ; On                                    ; On            ;
; Specified Junction Temperature                                   ; 25                                    ; 25            ;
; Ambient Temperature                                              ; 25                                    ; 25            ;
; Use Custom Cooling Solution                                      ; Off                                   ; Off           ;
; Board Temperature                                                ; 25                                    ; 25            ;
+------------------------------------------------------------------+---------------------------------------+---------------+


+--------------------------------------------+
; Indeterminate Toggle Rates                 ;
+--------------+-----------------------------+
; Node         ; Reason                      ;
+--------------+-----------------------------+
; USER_BTN     ; No valid clock domain found ;
; FT2232H_TX   ; No valid clock domain found ;
; SDRAM_DQ[0]  ; No valid clock domain found ;
; SDRAM_DQ[1]  ; No valid clock domain found ;
; SDRAM_DQ[2]  ; No valid clock domain found ;
; SDRAM_DQ[3]  ; No valid clock domain found ;
; SDRAM_DQ[4]  ; No valid clock domain found ;
; SDRAM_DQ[5]  ; No valid clock domain found ;
; SDRAM_DQ[6]  ; No valid clock domain found ;
; SDRAM_DQ[7]  ; No valid clock domain found ;
; SDRAM_DQ[8]  ; No valid clock domain found ;
; SDRAM_DQ[9]  ; No valid clock domain found ;
; SDRAM_DQ[10] ; No valid clock domain found ;
; SDRAM_DQ[11] ; No valid clock domain found ;
; SDRAM_DQ[12] ; No valid clock domain found ;
; SDRAM_DQ[13] ; No valid clock domain found ;
; SDRAM_DQ[14] ; No valid clock domain found ;
; SDRAM_DQ[15] ; No valid clock domain found ;
+--------------+-----------------------------+


+--------------------------------------------------------------------------+
; Operating Conditions Used                                                ;
+---------------------------------------------+----------------------------+
; Setting                                     ; Value                      ;
+---------------------------------------------+----------------------------+
; Device power characteristics                ; Typical                    ;
;                                             ;                            ;
; Voltages                                    ;                            ;
;     VCCA                                    ; 3.00 V                     ;
;     VCC_ONE                                 ; 3.00 V                     ;
;     3.3-V LVTTL I/O Standard                ; 3.3 V                      ;
;     3.3 V Schmitt Trigger I/O Standard      ; 3.3 V                      ;
;                                             ;                            ;
; Auto computed junction temperature          ; 29.9 degrees Celsius       ;
;     Ambient temperature                     ; 25.0 degrees Celsius       ;
;     Junction-to-Case thermal resistance     ; 11.20 degrees Celsius/Watt ;
;     Case-to-Heat Sink thermal resistance    ; 0.10 degrees Celsius/Watt  ;
;     Heat Sink-to-Ambient thermal resistance ; 8.20 degrees Celsius/Watt  ;
;                                             ;                            ;
; Board model used                            ; None                       ;
+---------------------------------------------+----------------------------+


+----------------------------------------------------------------------------------------------------------------------------------------------+
; Thermal Power Dissipation by Block                                                                                                           ;
+------------+------------+---------------------+-----------------------------+--------------------------------+-------------------------------+
; Block Name ; Block Type ; Total Thermal Power ; Block Thermal Dynamic Power ; Block Thermal Static Power (1) ; Routing Thermal Dynamic Power ;
+------------+------------+---------------------+-----------------------------+--------------------------------+-------------------------------+
(1) The "Thermal Power Dissipation by Block" Table has been hidden. To show this table, please select the "Write power dissipation by block to report file" option under "PowerPlay Power Analyzer Settings".


+--------------------------------------------------------------------------------------------------------------------------------------------------------------------------------------------------------------------+
; Thermal Power Dissipation by Block Type                                                                                                                                                                            ;
+---------------------+-----------------------------------+-----------------------------+--------------------------------+-------------------------------+-----------------------------------------------------------+
; Block Type          ; Total Thermal Power by Block Type ; Block Thermal Dynamic Power ; Block Thermal Static Power (1) ; Routing Thermal Dynamic Power ; Block Average Toggle Rate (millions of transitions / sec) ;
+---------------------+-----------------------------------+-----------------------------+--------------------------------+-------------------------------+-----------------------------------------------------------+
; PLL                 ; 7.13 mW                           ; 7.13 mW                     ; --                             ; 0.00 mW                       ;   33.335                                                  ;
; M9K                 ; 7.77 mW                           ; 7.70 mW                     ; --                             ; 0.07 mW                       ;    6.250                                                  ;
; Combinational cell  ; 7.17 mW                           ; 2.84 mW                     ; --                             ; 4.33 mW                       ;    5.137                                                  ;
; Clock control block ; 3.20 mW                           ; 0.00 mW                     ; --                             ; 3.20 mW                       ;  100.005                                                  ;
; Register cell       ; 8.95 mW                           ; 5.65 mW                     ; --                             ; 3.30 mW                       ;    6.250                                                  ;
; I/O                 ; 12.92 mW                          ; 9.53 mW                     ; 3.39 mW                        ; 0.00 mW                       ;    4.586                                                  ;
; Voltage Regulator   ; 46.36 mW                          ; 45.60 mW                    ; 0.76 mW                        ; --                            ; --                                                        ;
+---------------------+-----------------------------------+-----------------------------+--------------------------------+-------------------------------+-----------------------------------------------------------+
(1) The "Block Thermal Static Power" for all block types except Pins and the Voltage Regulator, if one exists, is part of the "Core Static Thermal Power Dissipation" value found on the PowerPlay Power Analyzer-->Summary report panel. The "Core Static Thermal Power Dissipation" also contains the thermal static power dissipated by the routing.


+---------------------------------------------------------------------------------------------------------------------------------------------------------------------------------------------------------------------------------------------------------------------------------+
; Thermal Power Dissipation by Hierarchy                                                                                                                                                                                                                                          ;
+---------------------------------------------+--------------------------------------+---------------------------------+-----------------------------------+-----------------------------------+----------------------------------------------------------------------------------+
; Compilation Hierarchy Node                  ; Total Thermal Power by Hierarchy (1) ; Block Thermal Dynamic Power (1) ; Block Thermal Static Power (1)(2) ; Routing Thermal Dynamic Power (1) ; Full Hierarchy Name                                                              ;
+---------------------------------------------+--------------------------------------+---------------------------------+-----------------------------------+-----------------------------------+----------------------------------------------------------------------------------+
; |top                                        ; 93.49 mW (59.61 mW)                  ; 78.44 mW (55.31 mW)             ; 4.15 mW (4.15 mW)                 ; 10.91 mW (0.15 mW)                ; |top                                                                             ;
;     |hard_block:auto_generated_inst         ; 0.00 mW (0.00 mW)                    ; 0.00 mW (0.00 mW)               ; --                                ; 0.00 mW (0.00 mW)                 ; |top|hard_block:auto_generated_inst                                              ;
;     |cpu:U_CPU                              ; 14.43 mW (1.42 mW)                   ; 7.72 mW (0.54 mW)               ; --                                ; 6.70 mW (0.88 mW)                 ; |top|cpu:U_CPU                                                                   ;
;         |alu:U_ALU                          ; 1.42 mW (1.42 mW)                    ; 0.70 mW (0.70 mW)               ; --                                ; 0.72 mW (0.72 mW)                 ; |top|cpu:U_CPU|alu:U_ALU                                                         ;
;         |bcond:U_BCOND                      ; 0.10 mW (0.10 mW)                    ; 0.09 mW (0.09 mW)               ; --                                ; 0.01 mW (0.01 mW)                 ; |top|cpu:U_CPU|bcond:U_BCOND                                                     ;
;         |decode:U_DECODE                    ; 1.14 mW (1.14 mW)                    ; 0.34 mW (0.34 mW)               ; --                                ; 0.80 mW (0.80 mW)                 ; |top|cpu:U_CPU|decode:U_DECODE                                                   ;
;         |lsu:U_LSU                          ; 0.66 mW (0.66 mW)                    ; 0.50 mW (0.50 mW)               ; --                                ; 0.16 mW (0.16 mW)                 ; |top|cpu:U_CPU|lsu:U_LSU                                                         ;
;         |regfile:U_REGFILE                  ; 9.69 mW (9.69 mW)                    ; 5.56 mW (5.56 mW)               ; --                                ; 4.14 mW (4.14 mW)                 ; |top|cpu:U_CPU|regfile:U_REGFILE                                                 ;
;     |wb_gpio:U_GPIO                         ; 0.42 mW (0.42 mW)                    ; 0.30 mW (0.30 mW)               ; --                                ; 0.12 mW (0.12 mW)                 ; |top|wb_gpio:U_GPIO                                                              ;
;     |wb_mem:U_MEM                           ; 7.78 mW (0.02 mW)                    ; 7.71 mW (0.01 mW)               ; --                                ; 0.08 mW (0.01 mW)                 ; |top|wb_mem:U_MEM                                                                ;
;         |altsyncram:altsyncram_component    ; 7.77 mW (0.00 mW)                    ; 7.70 mW (0.00 mW)               ; --                                ; 0.07 mW (0.00 mW)                 ; |top|wb_mem:U_MEM|altsyncram:altsyncram_component                                ;
;             |altsyncram_n0v3:auto_generated ; 7.77 mW (7.77 mW)                    ; 7.70 mW (7.70 mW)               ; --                                ; 0.07 mW (0.07 mW)                 ; |top|wb_mem:U_MEM|altsyncram:altsyncram_component|altsyncram_n0v3:auto_generated ;
;     |pll1:U_PLL1                            ; 10.33 mW (0.00 mW)                   ; 7.13 mW (0.00 mW)               ; --                                ; 3.20 mW (0.00 mW)                 ; |top|pll1:U_PLL1                                                                 ;
;         |altpll:altpll_component            ; 10.33 mW (0.00 mW)                   ; 7.13 mW (0.00 mW)               ; --                                ; 3.20 mW (0.00 mW)                 ; |top|pll1:U_PLL1|altpll:altpll_component                                         ;
;             |pll1_altpll:auto_generated     ; 10.33 mW (10.33 mW)                  ; 7.13 mW (7.13 mW)               ; --                                ; 3.20 mW (3.20 mW)                 ; |top|pll1:U_PLL1|altpll:altpll_component|pll1_altpll:auto_generated              ;
;     |wb_mux_2to2:U_WBMUX                    ; 0.93 mW (0.00 mW)                    ; 0.27 mW (0.00 mW)               ; --                                ; 0.66 mW (0.00 mW)                 ; |top|wb_mux_2to2:U_WBMUX                                                         ;
;         |wb_mux_1to2:U_EGRESS               ; 0.03 mW (0.03 mW)                    ; 0.03 mW (0.03 mW)               ; --                                ; 0.00 mW (0.00 mW)                 ; |top|wb_mux_2to2:U_WBMUX|wb_mux_1to2:U_EGRESS                                    ;
;         |wb_mux_2to1:U_INGRESS              ; 0.07 mW (0.07 mW)                    ; 0.06 mW (0.06 mW)               ; --                                ; 0.01 mW (0.01 mW)                 ; |top|wb_mux_2to2:U_WBMUX|wb_mux_2to1:U_INGRESS                                   ;
;         |wb_regslice:U_REGSLICE             ; 0.82 mW (0.82 mW)                    ; 0.17 mW (0.17 mW)               ; --                                ; 0.64 mW (0.64 mW)                 ; |top|wb_mux_2to2:U_WBMUX|wb_regslice:U_REGSLICE                                  ;
+---------------------------------------------+--------------------------------------+---------------------------------+-----------------------------------+-----------------------------------+----------------------------------------------------------------------------------+
(1) Value in parentheses is the power consumed at that level of hierarchy. Value not in parentheses is the power consumed at that level of hierarchy plus the power consumed by all levels of hierarchy below it.

(2) The "Block Thermal Static Power" for all levels of hierarchy except the top-level hierarchy is part of the "Core Static Thermal Power Dissipation" value found on the PowerPlay Power Analyzer-->Summary report panel. The "Core Static Thermal Power Dissipation" also contains the thermal static power dissipated by the routing.


+------------------------------------------------------------------------------------------------------------------------------------+
; Core Dynamic Thermal Power Dissipation by Clock Domain                                                                             ;
+---------------------------------------------------------------------------------+-----------------------+--------------------------+
; Clock Domain                                                                    ; Clock Frequency (MHz) ; Total Core Dynamic Power ;
+---------------------------------------------------------------------------------+-----------------------+--------------------------+
; pll1:U_PLL1|altpll:altpll_component|pll1_altpll:auto_generated|wire_pll1_clk[0] ; 50.00                 ; 34.22                    ;
; CLK12M                                                                          ; 12.00                 ; 0.00                     ;
; SDRAM_CLK                                                                       ; 96.01                 ; 0.00                     ;
+---------------------------------------------------------------------------------+-----------------------+--------------------------+


+------------------------------------------------------------------------------------------------------------------------------------+
; Current Drawn from Voltage Supplies Summary                                                                                        ;
+----------------+-------------------------+---------------------------+--------------------------+----------------------------------+
; Voltage Supply ; Total Current Drawn (1) ; Dynamic Current Drawn (1) ; Static Current Drawn (1) ; Minimum Power Supply Current (2) ;
+----------------+-------------------------+---------------------------+--------------------------+----------------------------------+
; VCCIO          ; 15.29 mA                ; 2.85 mA                   ; 12.44 mA                 ; 15.29 mA                         ;
; VCCA           ; 4.34 mA                 ; 1.32 mA                   ; 3.03 mA                  ; 4.34 mA                          ;
; VCC_ONE        ; 62.77 mA                ; 25.33 mA                  ; 37.44 mA                 ; 62.77 mA                         ;
+----------------+-------------------------+---------------------------+--------------------------+----------------------------------+
(1) Currents reported in columns "Total Current Drawn", "Dynamic Current Drawn", and "Static Current Drawn" are sufficient for user operation of the device.  
(2) Currents reported in column "Minimum Power Supply Current" are sufficient for power-up, configuration, and user operation of the device.


+-----------------------------------------------------------------------------------------------+
; VCCIO Supply Current Drawn by I/O Bank                                                        ;
+----------+---------------+---------------------+-----------------------+----------------------+
; I/O Bank ; VCCIO Voltage ; Total Current Drawn ; Dynamic Current Drawn ; Static Current Drawn ;
+----------+---------------+---------------------+-----------------------+----------------------+
; 1A       ; 3.3V          ; 1.60 mA             ; 0.00 mA               ; 1.60 mA              ;
; 1B       ; 3.3V          ; 1.67 mA             ; 0.00 mA               ; 1.67 mA              ;
; 2        ; 3.3V          ; 1.65 mA             ; 0.03 mA               ; 1.62 mA              ;
; 3        ; 3.3V          ; 4.18 mA             ; 2.23 mA               ; 1.95 mA              ;
; 4        ; --            ; --                  ; --                    ; --                   ;
; 5        ; 3.3V          ; 1.60 mA             ; 0.00 mA               ; 1.60 mA              ;
; 6        ; 3.3V          ; 2.16 mA             ; 0.00 mA               ; 2.16 mA              ;
; 7        ; --            ; --                  ; --                    ; --                   ;
; 8        ; 3.3V          ; 2.43 mA             ; 0.58 mA               ; 1.85 mA              ;
+----------+---------------+---------------------+-----------------------+----------------------+


+-----------------------------------------------------------------------------------------------------------------------------------+
; VCCIO Supply Current Drawn by Voltage                                                                                             ;
+---------------+-------------------------+---------------------------+--------------------------+----------------------------------+
; VCCIO Voltage ; Total Current Drawn (1) ; Dynamic Current Drawn (1) ; Static Current Drawn (1) ; Minimum Power Supply Current (2) ;
+---------------+-------------------------+---------------------------+--------------------------+----------------------------------+
; 3.3V          ; 15.29 mA                ; 2.85 mA                   ; 12.44 mA                 ; 15.29 mA                         ;
+---------------+-------------------------+---------------------------+--------------------------+----------------------------------+
(1) Currents reported in columns "Total Current Drawn", "Dynamic Current Drawn", and "Static Current Drawn" are sufficient for user operation of the device.  
(2) Currents reported in column "Minimum Power Supply Current" are sufficient for power-up, configuration, and user operation of the device.


+----------------------------------------------------------------------------------------------------------------------------------------------------+
; Confidence Metric Details                                                                                                                          ;
+----------------------------------------------------------------------------------------+--------------+------------+---------------+---------------+
; Data Source                                                                            ; Total        ; Pin        ; Registered    ; Combinational ;
+----------------------------------------------------------------------------------------+--------------+------------+---------------+---------------+
; Simulation (from file)                                                                 ;              ;            ;               ;               ;
;     -- Number of signals with Toggle Rate from Simulation                              ; 0 (0.0%)     ; 0 (0.0%)   ; 0 (0.0%)      ; 0 (0.0%)      ;
;     -- Number of signals with Static Probability from Simulation                       ; 0 (0.0%)     ; 0 (0.0%)   ; 0 (0.0%)      ; 0 (0.0%)      ;
;                                                                                        ;              ;            ;               ;               ;
; Node, entity or clock assignment                                                       ;              ;            ;               ;               ;
;     -- Number of signals with Toggle Rate from Node, entity or clock assignment        ; 4 (0.1%)     ; 2 (2.7%)   ; 0 (0.0%)      ; 2 (0.1%)      ;
;     -- Number of signals with Static Probability from Node, entity or clock assignment ; 4 (0.1%)     ; 2 (2.7%)   ; 0 (0.0%)      ; 2 (0.1%)      ;
;                                                                                        ;              ;            ;               ;               ;
; Vectorless estimation                                                                  ;              ;            ;               ;               ;
;     -- Number of signals with Toggle Rate from Vectorless estimation                   ; 4374 (99.3%) ; 47 (63.5%) ; 1453 (100.0%) ; 2874 (99.9%)  ;
;     -- Number of signals with Zero toggle rate, from Vectorless estimation             ; 83 (1.9%)    ; 39 (52.7%) ; 0 (0.0%)      ; 44 (1.5%)     ;
;     -- Number of signals with Static Probability from Vectorless estimation            ; 4374 (99.3%) ; 47 (63.5%) ; 1453 (100.0%) ; 2874 (99.9%)  ;
;                                                                                        ;              ;            ;               ;               ;
; Default assignment                                                                     ;              ;            ;               ;               ;
;     -- Number of signals with Toggle Rate from Default assignment                      ; 0 (0.0%)     ; 0 (0.0%)   ; 0 (0.0%)      ; 0 (0.0%)      ;
;     -- Number of signals with Static Probability from Default assignment               ; 25 (0.6%)    ; 25 (33.8%) ; 0 (0.0%)      ; 0 (0.0%)      ;
;                                                                                        ;              ;            ;               ;               ;
; Assumed 0                                                                              ;              ;            ;               ;               ;
;     -- Number of signals with Toggle Rate assumed 0                                    ; 25 (0.6%)    ; 25 (33.8%) ; 0 (0.0%)      ; 0 (0.0%)      ;
+----------------------------------------------------------------------------------------+--------------+------------+---------------+---------------+


+---------------------------------------------------------------------------------------------------------------------------------------------+
; Signal Activities                                                                                                                           ;
+--------+------+---------------------------------------------+-------------------------+--------------------+--------------------------------+
; Signal ; Type ; Toggle Rate (millions of transitions / sec) ; Toggle Rate Data Source ; Static Probability ; Static Probability Data Source ;
+--------+------+---------------------------------------------+-------------------------+--------------------+--------------------------------+
(1) The "Signal Activity" Table has been hidden. To show this table, please select the "Write signal activities to report file" option under "PowerPlay Power Analyzer Settings".


+-------------------------+
; Power Analyzer Messages ;
+-------------------------+
Info: *******************************************************************
Info: Running Quartus Prime Power Analyzer
    Info: Version 25.1std.0 Build 1129 10/21/2025 Patches 0.02std SC Lite Edition
    Info: Processing started: Mon Aug  3 21:37:13 2026
Info: Command: quartus_pow --read_settings_files=off --write_settings_files=off max1k-cpu -c project_template
Warning (18236): Number of processors has not been specified which may cause overloading on shared machines.  Set the global assignment NUM_PARALLEL_PROCESSORS in your QSF to an appropriate value for best performance.
Info (21077): Low junction temperature is 0 degrees C
Info (21077): High junction temperature is 85 degrees C
Info (332104): Reading SDC File: 'constr/top.sdc'
Info (332110): Deriving PLL clocks
    Info (332110): create_generated_clock -source {U_PLL1|altpll_component|auto_generated|pll1|inclk[0]} -divide_by 6 -multiply_by 25 -duty_cycle 50.00 -name {U_PLL1|altpll_component|auto_generated|pll1|clk[0]} {U_PLL1|altpll_component|auto_generated|pll1|clk[0]}
Info (332151): Clock uncertainty is not calculated until you update the timing netlist.
Info (332123): Deriving Clock Uncertainty. Please refer to report_sdc in the Timing Analyzer to see clock uncertainties.
Info (223000): Starting Vectorless Power Activity Estimation
Warning (222013): Relative toggle rates could not be calculated because no clock domain could be identified for some nodes
Info (223001): Completed Vectorless Power Activity Estimation
Info (218000): Using Advanced I/O Power to simulate I/O buffers with the specified board trace model
Info (334003): Started post-fitting delay annotation
Warning (334000): Timing characteristics of device 10M08SAU169C8GES are preliminary
Info (334004): Delay annotation completed successfully
Info (215049): Average toggle rate for this design is 5.544 millions of transitions / sec
Info (215031): Total thermal power estimate for the design is 251.10 mW
Info: Quartus Prime Power Analyzer was successful. 0 errors, 3 warnings
    Info: Peak virtual memory: 4889 megabytes
    Info: Processing ended: Mon Aug  3 21:37:17 2026
    Info: Elapsed time: 00:00:04
    Info: Total CPU time (on all processors): 00:00:06


